Component: ARM Compiler 5.06 update 6 (build 750) Tool: armlink [4d35ed]

==============================================================================

Section Cross References

    startup_stm32f103xb.o(STACK) refers (Special) to heapauxi.o(.text) for __use_two_region_memory
    startup_stm32f103xb.o(HEAP) refers (Special) to heapauxi.o(.text) for __use_two_region_memory
    startup_stm32f103xb.o(RESET) refers (Special) to heapauxi.o(.text) for __use_two_region_memory
    startup_stm32f103xb.o(RESET) refers to startup_stm32f103xb.o(STACK) for __initial_sp
    startup_stm32f103xb.o(RESET) refers to startup_stm32f103xb.o(.text) for Reset_Handler
    startup_stm32f103xb.o(RESET) refers to stm32f1xx_it.o(i.NMI_Handler) for NMI_Handler
    startup_stm32f103xb.o(RESET) refers to stm32f1xx_it.o(i.HardFault_Handler) for HardFault_Handler
    startup_stm32f103xb.o(RESET) refers to stm32f1xx_it.o(i.MemManage_Handler) for MemManage_Handler
    startup_stm32f103xb.o(RESET) refers to stm32f1xx_it.o(i.BusFault_Handler) for BusFault_Handler
    startup_stm32f103xb.o(RESET) refers to stm32f1xx_it.o(i.UsageFault_Handler) for UsageFault_Handler
    startup_stm32f103xb.o(RESET) refers to port.o(.emb_text) for SVC_Handler
    startup_stm32f103xb.o(RESET) refers to stm32f1xx_it.o(i.DebugMon_Handler) for DebugMon_Handler
    startup_stm32f103xb.o(RESET) refers to stm32f1xx_it.o(i.SysTick_Handler) for SysTick_Handler
    startup_stm32f103xb.o(RESET) refers to stm32f1xx_it.o(i.DMA1_Channel1_IRQHandler) for DMA1_Channel1_IRQHandler
    startup_stm32f103xb.o(RESET) refers to stm32f1xx_it.o(i.ADC1_2_IRQHandler) for ADC1_2_IRQHandler
    startup_stm32f103xb.o(.text) refers (Special) to heapauxi.o(.text) for __use_two_region_memory
    startup_stm32f103xb.o(.text) refers to system_stm32f1xx.o(i.SystemInit) for SystemInit
    startup_stm32f103xb.o(.text) refers to __main.o(!!!main) for __main
    startup_stm32f103xb.o(.text) refers to startup_stm32f103xb.o(HEAP) for Heap_Mem
    startup_stm32f103xb.o(.text) refers to startup_stm32f103xb.o(STACK) for Stack_Mem
    dht.o(i.DHT_DelayUs) refers to delay_timer.o(i.DELAY_TIM_Us) for DELAY_TIM_Us
    dht.o(i.DHT_DelayUs1) refers to delay_timer.o(i.DELAY_TIM_Us) for DELAY_TIM_Us
    dht.o(i.DHT_Init) refers to delay_timer.o(i.DELAY_TIM_Init) for DELAY_TIM_Init
    dht.o(i.DHT_Init1) refers to delay_timer.o(i.DELAY_TIM_Init) for DELAY_TIM_Init
    dht.o(i.DHT_Read) refers to dht.o(i.DHT_SetPinIn) for DHT_SetPinIn
    dht.o(i.DHT_Read) refers to dht.o(i.DHT_ReadPin) for DHT_ReadPin
    dht.o(i.DHT_Read) refers to dht.o(i.DHT_DelayUs) for DHT_DelayUs
    dht.o(i.DHT_Read1) refers to dht.o(i.DHT_SetPinIn1) for DHT_SetPinIn1
    dht.o(i.DHT_Read1) refers to dht.o(i.DHT_ReadPin1) for DHT_ReadPin1
    dht.o(i.DHT_Read1) refers to dht.o(i.DHT_DelayUs1) for DHT_DelayUs1
    dht.o(i.DHT_ReadPin) refers to stm32f1xx_hal_gpio.o(i.HAL_GPIO_ReadPin) for HAL_GPIO_ReadPin
    dht.o(i.DHT_ReadPin1) refers to stm32f1xx_hal_gpio.o(i.HAL_GPIO_ReadPin) for HAL_GPIO_ReadPin
    dht.o(i.DHT_ReadTempHum) refers to dht.o(i.DHT_Start) for DHT_Start
    dht.o(i.DHT_ReadTempHum) refers to dht.o(i.DHT_Read) for DHT_Read
    dht.o(i.DHT_ReadTempHum) refers to fflt_clz.o(x$fpl$ffltu) for __aeabi_ui2f
    dht.o(i.DHT_ReadTempHum1) refers to dht.o(i.DHT_Start1) for DHT_Start1
    dht.o(i.DHT_ReadTempHum1) refers to dht.o(i.DHT_Read1) for DHT_Read1
    dht.o(i.DHT_ReadTempHum1) refers to fflt_clz.o(x$fpl$ffltu) for __aeabi_ui2f
    dht.o(i.DHT_SetPinIn) refers to stm32f1xx_hal_gpio.o(i.HAL_GPIO_Init) for HAL_GPIO_Init
    dht.o(i.DHT_SetPinIn1) refers to stm32f1xx_hal_gpio.o(i.HAL_GPIO_Init) for HAL_GPIO_Init
    dht.o(i.DHT_Start) refers to stm32f1xx_hal_gpio.o(i.HAL_GPIO_Init) for HAL_GPIO_Init
    dht.o(i.DHT_Start) refers to stm32f1xx_hal_gpio.o(i.HAL_GPIO_WritePin) for HAL_GPIO_WritePin
    dht.o(i.DHT_Start) refers to dht.o(i.DHT_DelayUs) for DHT_DelayUs
    dht.o(i.DHT_Start) refers to dht.o(i.DHT_SetPinIn) for DHT_SetPinIn
    dht.o(i.DHT_Start) refers to dht.o(i.DHT_ReadPin) for DHT_ReadPin
    dht.o(i.DHT_Start1) refers to stm32f1xx_hal_gpio.o(i.HAL_GPIO_Init) for HAL_GPIO_Init
    dht.o(i.DHT_Start1) refers to stm32f1xx_hal_gpio.o(i.HAL_GPIO_WritePin) for HAL_GPIO_WritePin
    dht.o(i.DHT_Start1) refers to dht.o(i.DHT_DelayUs1) for DHT_DelayUs1
    dht.o(i.DHT_Start1) refers to dht.o(i.DHT_SetPinIn1) for DHT_SetPinIn1
    dht.o(i.DHT_Start1) refers to dht.o(i.DHT_ReadPin1) for DHT_ReadPin1
    delay_timer.o(i.DELAY_TIM_Init) refers to stm32f1xx_hal_tim.o(i.HAL_TIM_Base_Start) for HAL_TIM_Base_Start
    main.o(i.MX_ADC1_Init) refers to stm32f1xx_hal_adc.o(i.HAL_ADC_Init) for HAL_ADC_Init
    main.o(i.MX_ADC1_Init) refers to stm32f1xx_hal_adc.o(i.HAL_ADC_ConfigChannel) for HAL_ADC_ConfigChannel
    main.o(i.MX_ADC1_Init) refers to main.o(.bss) for .bss
    main.o(i.MX_ADC2_Init) refers to stm32f1xx_hal_adc.o(i.HAL_ADC_Init) for HAL_ADC_Init
[...]
    ..\Drivers\STM32F1xx_HAL_Driver\Src\stm32f1xx_hal_cortex.c 0x00000000   Number         0  stm32f1xx_hal_cortex.o ABSOLUTE
    ..\Drivers\STM32F1xx_HAL_Driver\Src\stm32f1xx_hal_dma.c 0x00000000   Number         0  stm32f1xx_hal_dma.o ABSOLUTE
    ..\Drivers\STM32F1xx_HAL_Driver\Src\stm32f1xx_hal_exti.c 0x00000000   Number         0  stm32f1xx_hal_exti.o ABSOLUTE
    ..\Drivers\STM32F1xx_HAL_Driver\Src\stm32f1xx_hal_flash.c 0x00000000   Number         0  stm32f1xx_hal_flash.o ABSOLUTE
    ..\Drivers\STM32F1xx_HAL_Driver\Src\stm32f1xx_hal_flash_ex.c 0x00000000   Number         0  stm32f1xx_hal_flash_ex.o ABSOLUTE
    ..\Drivers\STM32F1xx_HAL_Driver\Src\stm32f1xx_hal_gpio.c 0x00000000   Number         0  stm32f1xx_hal_gpio.o ABSOLUTE
    ..\Drivers\STM32F1xx_HAL_Driver\Src\stm32f1xx_hal_gpio_ex.c 0x00000000   Number         0  stm32f1xx_hal_gpio_ex.o ABSOLUTE
    ..\Drivers\STM32F1xx_HAL_Driver\Src\stm32f1xx_hal_pwr.c 0x00000000   Number         0  stm32f1xx_hal_pwr.o ABSOLUTE
    ..\Drivers\STM32F1xx_HAL_Driver\Src\stm32f1xx_hal_rcc.c 0x00000000   Number         0  stm32f1xx_hal_rcc.o ABSOLUTE
    ..\Drivers\STM32F1xx_HAL_Driver\Src\stm32f1xx_hal_rcc_ex.c 0x00000000   Number         0  stm32f1xx_hal_rcc_ex.o ABSOLUTE
    ..\Drivers\STM32F1xx_HAL_Driver\Src\stm32f1xx_hal_tim.c 0x00000000   Number         0  stm32f1xx_hal_tim.o ABSOLUTE
    ..\Drivers\STM32F1xx_HAL_Driver\Src\stm32f1xx_hal_tim_ex.c 0x00000000   Number         0  stm32f1xx_hal_tim_ex.o ABSOLUTE
    ..\Drivers\STM32F1xx_HAL_Driver\Src\stm32f1xx_hal_uart.c 0x00000000   Number         0  stm32f1xx_hal_uart.o ABSOLUTE
    ..\Middlewares\Third_Party\FreeRTOS\Source\CMSIS_RTOS\cmsis_os.c 0x00000000   Number         0  cmsis_os.o ABSOLUTE
    ..\Middlewares\Third_Party\FreeRTOS\Source\portable\RVDS\ARM_CM3\port.c 0x00000000   Number         0  port.o ABSOLUTE
    ..\\Core\\Src\\DHT.c                     0x00000000   Number         0  dht.o ABSOLUTE
    ..\\Core\\Src\\delay_timer.c             0x00000000   Number         0  delay_timer.o ABSOLUTE
    dc.s                                     0x00000000   Number         0  dc.o ABSOLUTE
    startup_stm32f103xb.s                    0x00000000   Number         0  startup_stm32f103xb.o ABSOLUTE
    RESET                                    0x08000000   Section      236  startup_stm32f103xb.o(RESET)
    !!!main                                  0x080000ec   Section        8  __main.o(!!!main)
    !!!scatter                               0x080000f4   Section       52  __scatter.o(!!!scatter)
    !!handler_copy                           0x08000128   Section       26  __scatter_copy.o(!!handler_copy)
    !!handler_zi                             0x08000144   Section       28  __scatter_zi.o(!!handler_zi)
    .ARM.Collect$$_printf_percent$$00000000  0x08000160   Section        0  _printf_percent.o(.ARM.Collect$$_printf_percent$$00000000)
    .ARM.Collect$$_printf_percent$$00000009  0x08000160   Section        6  _printf_d.o(.ARM.Collect$$_printf_percent$$00000009)
    .ARM.Collect$$_printf_percent$$00000017  0x08000166   Section        4  _printf_percent_end.o(.ARM.Collect$$_printf_percent$$00000017)
    .ARM.Collect$$libinit$$00000000          0x0800016a   Section        2  libinit.o(.ARM.Collect$$libinit$$00000000)
    .ARM.Collect$$libinit$$00000002          0x0800016c   Section        0  libinit2.o(.ARM.Collect$$libinit$$00000002)
    .ARM.Collect$$libinit$$00000004          0x0800016c   Section        0  libinit2.o(.ARM.Collect$$libinit$$00000004)
    .ARM.Collect$$libinit$$0000000A          0x0800016c   Section        0  libinit2.o(.ARM.Collect$$libinit$$0000000A)
    .ARM.Collect$$libinit$$0000000C          0x0800016c   Section        0  libinit2.o(.ARM.Collect$$libinit$$0000000C)
    .ARM.Collect$$libinit$$0000000E          0x0800016c   Section        0  libinit2.o(.ARM.Collect$$libinit$$0000000E)
    .ARM.Collect$$libinit$$00000011          0x0800016c   Section        0  libinit2.o(.ARM.Collect$$libinit$$00000011)
    .ARM.Collect$$libinit$$00000013          0x0800016c   Section        0  libinit2.o(.ARM.Collect$$libinit$$00000013)
    .ARM.Collect$$libinit$$00000015          0x0800016c   Section        0  libinit2.o(.ARM.Collect$$libinit$$00000015)
    .ARM.Collect$$libinit$$00000017          0x0800016c   Section        0  libinit2.o(.ARM.Collect$$libinit$$00000017)
    .ARM.Collect$$libinit$$00000019          0x0800016c   Section        0  libinit2.o(.ARM.Collect$$libinit$$00000019)
    .ARM.Collect$$libinit$$0000001B          0x0800016c   Section        0  libinit2.o(.ARM.Collect$$libinit$$0000001B)
    .ARM.Collect$$libinit$$0000001D          0x0800016c   Section        0  libinit2.o(.ARM.Collect$$libinit$$0000001D)
    .ARM.Collect$$libinit$$0000001F          0x0800016c   Section        0  libinit2.o(.ARM.Collect$$libinit$$0000001F)
    .ARM.Collect$$libinit$$00000021          0x0800016c   Section        0  libinit2.o(.ARM.Collect$$libinit$$00000021)
    .ARM.Collect$$libinit$$00000023          0x0800016c   Section        0  libinit2.o(.ARM.Collect$$libinit$$00000023)
    .ARM.Collect$$libinit$$00000025          0x0800016c   Section        0  libinit2.o(.ARM.Collect$$libinit$$00000025)
    .ARM.Collect$$libinit$$0000002C          0x0800016c   Section        0  libinit2.o(.ARM.Collect$$libinit$$0000002C)
    .ARM.Collect$$libinit$$0000002E          0x0800016c   Section        0  libinit2.o(.ARM.Collect$$libinit$$0000002E)
    .ARM.Collect$$libinit$$00000030          0x0800016c   Section        0  libinit2.o(.ARM.Collect$$libinit$$00000030)
    .ARM.Collect$$libinit$$00000032          0x0800016c   Section        0  libinit2.o(.ARM.Collect$$libinit$$00000032)
    .ARM.Collect$$libinit$$00000033          0x0800016c   Section        2  libinit2.o(.ARM.Collect$$libinit$$00000033)
    .ARM.Collect$$libshutdown$$00000000      0x0800016e   Section        2  libshutdown.o(.ARM.Collect$$libshutdown$$00000000)
    .ARM.Collect$$libshutdown$$00000002      0x08000170   Section        0  libshutdown2.o(.ARM.Collect$$libshutdown$$00000002)
    .ARM.Collect$$libshutdown$$00000004      0x08000170   Section        0  libshutdown2.o(.ARM.Collect$$libshutdown$$00000004)
    .ARM.Collect$$libshutdown$$00000007      0x08000170   Section        0  libshutdown2.o(.ARM.Collect$$libshutdown$$00000007)
    .ARM.Collect$$libshutdown$$0000000A      0x08000170   Section        0  libshutdown2.o(.ARM.Collect$$libshutdown$$0000000A)
    .ARM.Collect$$libshutdown$$0000000C      0x08000170   Section        0  libshutdown2.o(.ARM.Collect$$libshutdown$$0000000C)
    .ARM.Collect$$libshutdown$$0000000F      0x08000170   Section        0  libshutdown2.o(.ARM.Collect$$libshutdown$$0000000F)
    .ARM.Collect$$libshutdown$$00000010      0x08000170   Section        2  libshutdown2.o(.ARM.Collect$$libshutdown$$00000010)
    .ARM.Collect$$rtentry$$00000000          0x08000172   Section        0  __rtentry.o(.ARM.Collect$$rtentry$$00000000)
    .ARM.Collect$$rtentry$$00000002          0x08000172   Section        0  __rtentry2.o(.ARM.Collect$$rtentry$$00000002)
    .ARM.Collect$$rtentry$$00000004          0x08000172   Section        6  __rtentry4.o(.ARM.Collect$$rtentry$$00000004)
    .ARM.Collect$$rtentry$$00000009          0x08000178   Section        0  __rtentry2.o(.ARM.Collect$$rtentry$$00000009)
    .ARM.Collect$$rtentry$$0000000A          0x08000178   Section        4  __rtentry2.o(.ARM.Collect$$rtentry$$0000000A)
    .ARM.Collect$$rtentry$$0000000C          0x0800017c   Section        0  __rtentry2.o(.ARM.Collect$$rtentry$$0000000C)
    .ARM.Collect$$rtentry$$0000000D          0x0800017c   Section        8  __rtentry2.o(.ARM.Collect$$rtentry$$0000000D)
    .ARM.Collect$$rtexit$$00000000           0x08000184   Section        2  rtexit.o(.ARM.Collect$$rtexit$$00000000)
    .ARM.Collect$$rtexit$$00000002           0x08000186   Section        0  rtexit2.o(.ARM.Collect$$rtexit$$00000002)
    .ARM.Collect$$rtexit$$00000003           0x08000186   Section        4  rtexit2.o(.ARM.Collect$$rtexit$$00000003)
    .ARM.Collect$$rtexit$$00000004           0x0800018a   Section        6  rtexit2.o(.ARM.Collect$$rtexit$$00000004)
    .emb_text                                0x08000190   Section      150  port.o(.emb_text)
    .text                                    0x08000228   Section       64  startup_stm32f103xb.o(.text)
    .text                                    0x08000268   Section        0  noretval__2sprintf.o(.text)
    .text                                    0x08000290   Section        0  __printf.o(.text)
    .text                                    0x080002f8   Section        0  _printf_dec.o(.text)
    .text                                    0x08000370   Section        0  strlen.o(.text)
    .text                                    0x080003ae   Section      100  rt_memcpy_w.o(.text)
    .text                                    0x08000412   Section       78  rt_memclr_w.o(.text)
    .text                                    0x08000460   Section        0  heapauxi.o(.text)
    .text                                    0x08000466   Section        0  _printf_intcommon.o(.text)
    .text                                    0x08000518   Section        0  _printf_char_common.o(.text)
    _printf_input_char                       0x08000519   Thumb Code    10  _printf_char_common.o(.text)
    .text                                    0x08000548   Section        0  _sputc.o(.text)
    .text                                    0x08000552   Section       74  sys_stackheap_outer.o(.text)
    .text                                    0x0800059c   Section        0  exit.o(.text)
    .text                                    0x080005b0   Section        8  libspace.o(.text)
    .text                                    0x080005b8   Section        0  sys_exit.o(.text)
    .text                                    0x080005c4   Section        2  use_no_semi.o(.text)
    .text                                    0x080005c6   Section        0  indicate_semi.o(.text)
    i.ADC1_2_IRQHandler                      0x080005c8   Section        0  stm32f1xx_it.o(i.ADC1_2_IRQHandler)
    i.ADC_ConversionStop_Disable             0x080005e4   Section        0  stm32f1xx_hal_adc.o(i.ADC_ConversionStop_Disable)
    i.ADC_DMAConvCplt                        0x0800063a   Section        0  stm32f1xx_hal_adc.o(i.ADC_DMAConvCplt)
    i.ADC_DMAError                           0x08000688   Section        0  stm32f1xx_hal_adc.o(i.ADC_DMAError)
    i.ADC_DMAHalfConvCplt                    0x080006a2   Section        0  stm32f1xx_hal_adc.o(i.ADC_DMAHalfConvCplt)
    i.ADC_Enable                             0x080006ac   Section        0  stm32f1xx_hal_adc.o(i.ADC_Enable)
    i.BusFault_Handler                       0x08000728   Section        0  stm32f1xx_it.o(i.BusFault_Handler)
    i.DELAY_TIM_Init                         0x0800072a   Section        0  delay_timer.o(i.DELAY_TIM_Init)
    i.DELAY_TIM_Us                           0x0800072e   Section        0  delay_timer.o(i.DELAY_TIM_Us)
    i.DHT_DelayUs                            0x0800073e   Section        0  dht.o(i.DHT_DelayUs)
    DHT_DelayUs                              0x0800073f   Thumb Code     6  dht.o(i.DHT_DelayUs)
    i.DHT_DelayUs1                           0x08000744   Section        0  dht.o(i.DHT_DelayUs1)
    DHT_DelayUs1                             0x08000745   Thumb Code     6  dht.o(i.DHT_DelayUs1)
    i.DHT_Init                               0x0800074a   Section        0  dht.o(i.DHT_Init)
    i.DHT_Init1                              0x08000772   Section        0  dht.o(i.DHT_Init1)
    i.DHT_Read                               0x0800079a   Section        0  dht.o(i.DHT_Read)
    DHT_Read                                 0x0800079b   Thumb Code    88  dht.o(i.DHT_Read)
    i.DHT_Read1                              0x080007f2   Section        0  dht.o(i.DHT_Read1)
    DHT_Read1                                0x080007f3   Thumb Code    88  dht.o(i.DHT_Read1)
    i.DHT_ReadPin                            0x0800084a   Section        0  dht.o(i.DHT_ReadPin)
    DHT_ReadPin                              0x0800084b   Thumb Code     8  dht.o(i.DHT_ReadPin)
    i.DHT_ReadPin1                           0x08000852   Section        0  dht.o(i.DHT_ReadPin1)
    DHT_ReadPin1                             0x08000853   Thumb Code     8  dht.o(i.DHT_ReadPin1)
    i.DHT_ReadTempHum                        0x0800085a   Section        0  dht.o(i.DHT_ReadTempHum)
    i.DHT_ReadTempHum1                       0x080008a6   Section        0  dht.o(i.DHT_ReadTempHum1)
    i.DHT_SetPinIn                           0x080008f2   Section        0  dht.o(i.DHT_SetPinIn)
    DHT_SetPinIn                             0x080008f3   Thumb Code    26  dht.o(i.DHT_SetPinIn)
    i.DHT_SetPinIn1                          0x0800090c   Section        0  dht.o(i.DHT_SetPinIn1)
    DHT_SetPinIn1                            0x0800090d   Thumb Code    26  dht.o(i.DHT_SetPinIn1)
    i.DHT_Start                              0x08000926   Section        0  dht.o(i.DHT_Start)
    DHT_Start                                0x08000927   Thumb Code   110  dht.o(i.DHT_Start)
    i.DHT_Start1                             0x08000994   Section        0  dht.o(i.DHT_Start1)
    DHT_Start1                               0x08000995   Thumb Code   110  dht.o(i.DHT_Start1)
    i.DMA1_Channel1_IRQHandler               0x08000a04   Section        0  stm32f1xx_it.o(i.DMA1_Channel1_IRQHandler)
    i.DMA_SetConfig                          0x08000a10   Section        0  stm32f1xx_hal_dma.o(i.DMA_SetConfig)
    DMA_SetConfig                            0x08000a11   Thumb Code    42  stm32f1xx_hal_dma.o(i.DMA_SetConfig)
    i.DebugMon_Handler                       0x08000a3a   Section        0  stm32f1xx_it.o(i.DebugMon_Handler)
    i.Error_Handler                          0x08000a3c   Section        0  main.o(i.Error_Handler)
    i.HAL_ADCEx_InjectedConvCpltCallback     0x08000a40   Section        0  stm32f1xx_hal_adc_ex.o(i.HAL_ADCEx_InjectedConvCpltCallback)
    i.HAL_ADC_ConfigChannel                  0x08000a44   Section        0  stm32f1xx_hal_adc.o(i.HAL_ADC_ConfigChannel)
    i.HAL_ADC_ConvCpltCallback               0x08000b40   Section        0  stm32f1xx_hal_adc.o(i.HAL_ADC_ConvCpltCallback)
    i.HAL_ADC_ConvHalfCpltCallback           0x08000b42   Section        0  stm32f1xx_hal_adc.o(i.HAL_ADC_ConvHalfCpltCallback)
    i.HAL_ADC_ErrorCallback                  0x08000b44   Section        0  stm32f1xx_hal_adc.o(i.HAL_ADC_ErrorCallback)
    i.HAL_ADC_IRQHandler                     0x08000b46   Section        0  stm32f1xx_hal_adc.o(i.HAL_ADC_IRQHandler)
    i.HAL_ADC_Init                           0x08000c2c   Section        0  stm32f1xx_hal_adc.o(i.HAL_ADC_Init)
    i.HAL_ADC_LevelOutOfWindowCallback       0x08000d48   Section        0  stm32f1xx_hal_adc.o(i.HAL_ADC_LevelOutOfWindowCallback)
    i.HAL_ADC_MspInit                        0x08000d4c   Section        0  stm32f1xx_hal_msp.o(i.HAL_ADC_MspInit)
    i.HAL_ADC_Start_DMA                      0x08000e6c   Section        0  stm32f1xx_hal_adc.o(i.HAL_ADC_Start_DMA)
    i.HAL_DMA_IRQHandler                     0x08000f78   Section        0  stm32f1xx_hal_dma.o(i.HAL_DMA_IRQHandler)
    i.HAL_DMA_Init                           0x080010cc   Section        0  stm32f1xx_hal_dma.o(i.HAL_DMA_Init)
    i.HAL_DMA_Start_IT                       0x08001128   Section        0  stm32f1xx_hal_dma.o(i.HAL_DMA_Start_IT)
    i.HAL_GPIO_Init                          0x08001198   Section        0  stm32f1xx_hal_gpio.o(i.HAL_GPIO_Init)
    i.HAL_GPIO_ReadPin                       0x08001378   Section        0  stm32f1xx_hal_gpio.o(i.HAL_GPIO_ReadPin)
    i.HAL_GPIO_WritePin                      0x08001382   Section        0  stm32f1xx_hal_gpio.o(i.HAL_GPIO_WritePin)
    i.HAL_GetTick                            0x0800138c   Section        0  stm32f1xx_hal.o(i.HAL_GetTick)
    i.HAL_IncTick                            0x08001398   Section        0  stm32f1xx_hal.o(i.HAL_IncTick)
    i.HAL_Init                               0x080013a8   Section        0  stm32f1xx_hal.o(i.HAL_Init)
    i.HAL_InitTick                           0x080013cc   Section        0  stm32f1xx_hal.o(i.HAL_InitTick)
    i.HAL_MspInit                            0x0800140c   Section        0  stm32f1xx_hal_msp.o(i.HAL_MspInit)
    i.HAL_NVIC_EnableIRQ                     0x08001454   Section        0  stm32f1xx_hal_cortex.o(i.HAL_NVIC_EnableIRQ)
    i.HAL_NVIC_SetPriority                   0x08001470   Section        0  stm32f1xx_hal_cortex.o(i.HAL_NVIC_SetPriority)
    i.HAL_NVIC_SetPriorityGrouping           0x080014b0   Section        0  stm32f1xx_hal_cortex.o(i.HAL_NVIC_SetPriorityGrouping)
    i.HAL_RCCEx_PeriphCLKConfig              0x080014d4   Section        0  stm32f1xx_hal_rcc_ex.o(i.HAL_RCCEx_PeriphCLKConfig)
    i.HAL_RCC_ClockConfig                    0x080015c0   Section        0  stm32f1xx_hal_rcc.o(i.HAL_RCC_ClockConfig)
    i.HAL_RCC_GetPCLK1Freq                   0x080016ec   Section        0  stm32f1xx_hal_rcc.o(i.HAL_RCC_GetPCLK1Freq)
    i.HAL_RCC_GetPCLK2Freq                   0x0800170c   Section        0  stm32f1xx_hal_rcc.o(i.HAL_RCC_GetPCLK2Freq)
    i.HAL_RCC_GetSysClockFreq                0x0800172c   Section        0  stm32f1xx_hal_rcc.o(i.HAL_RCC_GetSysClockFreq)
    i.HAL_RCC_OscConfig                      0x08001798   Section        0  stm32f1xx_hal_rcc.o(i.HAL_RCC_OscConfig)
    i.HAL_SYSTICK_Config                     0x08001ab8   Section        0  stm32f1xx_hal_cortex.o(i.HAL_SYSTICK_Config)
    i.HAL_TIMEx_MasterConfigSynchronization  0x08001ae0   Section        0  stm32f1xx_hal_tim_ex.o(i.HAL_TIMEx_MasterConfigSynchronization)
    i.HAL_TIM_Base_Init                      0x08001b48   Section        0  stm32f1xx_hal_tim.o(i.HAL_TIM_Base_Init)
    i.HAL_TIM_Base_MspInit                   0x08001ba4   Section        0  stm32f1xx_hal_msp.o(i.HAL_TIM_Base_MspInit)
    i.HAL_TIM_Base_Start                     0x08001bcc   Section        0  stm32f1xx_hal_tim.o(i.HAL_TIM_Base_Start)
    i.HAL_TIM_ConfigClockSource              0x08001c1c   Section        0  stm32f1xx_hal_tim.o(i.HAL_TIM_ConfigClockSource)
    i.HAL_UART_Init                          0x08001cf2   Section        0  stm32f1xx_hal_uart.o(i.HAL_UART_Init)
    i.HAL_UART_MspInit                       0x08001d54   Section        0  stm32f1xx_hal_msp.o(i.HAL_UART_MspInit)
    i.HAL_UART_Transmit                      0x08001dc4   Section        0  stm32f1xx_hal_uart.o(i.HAL_UART_Transmit)
    i.HardFault_Handler                      0x08001e76   Section        0  stm32f1xx_it.o(i.HardFault_Handler)
    i.MX_ADC1_Init                           0x08001e78   Section        0  main.o(i.MX_ADC1_Init)
    MX_ADC1_Init                             0x08001e79   Thumb Code   132  main.o(i.MX_ADC1_Init)
    i.MX_ADC2_Init                           0x08001f04   Section        0  main.o(i.MX_ADC2_Init)
    MX_ADC2_Init                             0x08001f05   Thumb Code    90  main.o(i.MX_ADC2_Init)
    i.MX_GPIO_Init                           0x08001f68   Section        0  main.o(i.MX_GPIO_Init)
    MX_GPIO_Init                             0x08001f69   Thumb Code   102  main.o(i.MX_GPIO_Init)
    i.MX_TIM4_Init                           0x08001fd8   Section        0  main.o(i.MX_TIM4_Init)
    MX_TIM4_Init                             0x08001fd9   Thumb Code    94  main.o(i.MX_TIM4_Init)
    i.MemManage_Handler                      0x08002040   Section        0  stm32f1xx_it.o(i.MemManage_Handler)
    i.NMI_Handler                            0x08002042   Section        0  stm32f1xx_it.o(i.NMI_Handler)
    i.StartTask_Sensor                       0x08002044   Section        0  main.o(i.StartTask_Sensor)
    i.StartTask_Sensor1                      0x080020e8   Section        0  main.o(i.StartTask_Sensor1)
    i.SysTick_Handler                        0x08002114   Section        0  stm32f1xx_it.o(i.SysTick_Handler)
    i.SystemClock_Config                     0x0800212c   Section        0  main.o(i.SystemClock_Config)
    i.SystemInit                             0x080021a4   Section        0  system_stm32f1xx.o(i.SystemInit)
    i.TIM_Base_SetConfig                     0x080021a8   Section        0  stm32f1xx_hal_tim.o(i.TIM_Base_SetConfig)
    i.TIM_ETR_SetConfig                      0x08002214   Section        0  stm32f1xx_hal_tim.o(i.TIM_ETR_SetConfig)
    i.TIM_ITRx_SetConfig                     0x08002228   Section        0  stm32f1xx_hal_tim.o(i.TIM_ITRx_SetConfig)
    TIM_ITRx_SetConfig                       0x08002229   Thumb Code    16  stm32f1xx_hal_tim.o(i.TIM_ITRx_SetConfig)
    i.TIM_TI1_ConfigInputStage               0x08002238   Section        0  stm32f1xx_hal_tim.o(i.TIM_TI1_ConfigInputStage)
    TIM_TI1_ConfigInputStage                 0x08002239   Thumb Code    34  stm32f1xx_hal_tim.o(i.TIM_TI1_ConfigInputStage)
    i.TIM_TI2_ConfigInputStage               0x0800225a   Section        0  stm32f1xx_hal_tim.o(i.TIM_TI2_ConfigInputStage)
    TIM_TI2_ConfigInputStage                 0x0800225b   Thumb Code    36  stm32f1xx_hal_tim.o(i.TIM_TI2_ConfigInputStage)
    i.UART_SetConfig                         0x08002280   Section        0  stm32f1xx_hal_uart.o(i.UART_SetConfig)
    UART_SetConfig                           0x08002281   Thumb Code   178  stm32f1xx_hal_uart.o(i.UART_SetConfig)
    i.UART_WaitOnFlagUntilTimeout            0x08002338   Section        0  stm32f1xx_hal_uart.o(i.UART_WaitOnFlagUntilTimeout)
    UART_WaitOnFlagUntilTimeout              0x08002339   Thumb Code   100  stm32f1xx_hal_uart.o(i.UART_WaitOnFlagUntilTimeout)
    i.UsageFault_Handler                     0x0800239c   Section        0  stm32f1xx_it.o(i.UsageFault_Handler)
    i.__NVIC_SetPriority                     0x0800239e   Section        0  stm32f1xx_hal_cortex.o(i.__NVIC_SetPriority)
    __NVIC_SetPriority                       0x0800239f   Thumb Code    32  stm32f1xx_hal_cortex.o(i.__NVIC_SetPriority)
    i.main                                   0x080023c0   Section        0  main.o(i.main)
    i.makeFreeRtosPriority                   0x08002498   Section        0  cmsis_os.o(i.makeFreeRtosPriority)
    makeFreeRtosPriority                     0x08002499   Thumb Code    12  cmsis_os.o(i.makeFreeRtosPriority)
    i.osDelay                                0x080024a4   Section        0  cmsis_os.o(i.osDelay)
    i.osKernelStart                          0x080024b2   Section        0  cmsis_os.o(i.osKernelStart)
    i.osThreadCreate                         0x080024bc   Section        0  cmsis_os.o(i.osThreadCreate)
    i.prvAddCurrentTaskToDelayedList         0x08002510   Section        0  tasks.o(i.prvAddCurrentTaskToDelayedList)
    prvAddCurrentTaskToDelayedList           0x08002511   Thumb Code   102  tasks.o(i.prvAddCurrentTaskToDelayedList)
    i.prvAddNewTaskToReadyList               0x08002580   Section        0  tasks.o(i.prvAddNewTaskToReadyList)
    prvAddNewTaskToReadyList                 0x08002581   Thumb Code   194  tasks.o(i.prvAddNewTaskToReadyList)
    i.prvDeleteTCB                           0x08002650   Section        0  tasks.o(i.prvDeleteTCB)
    prvDeleteTCB                             0x08002651   Thumb Code    52  tasks.o(i.prvDeleteTCB)
    i.prvHeapInit                            0x08002684   Section        0  heap_4.o(i.prvHeapInit)
    prvHeapInit                              0x08002685   Thumb Code    66  heap_4.o(i.prvHeapInit)
    i.prvIdleTask                            0x080026d0   Section        0  tasks.o(i.prvIdleTask)
    prvIdleTask                              0x080026d1   Thumb Code    82  tasks.o(i.prvIdleTask)
    i.prvInitialiseNewTask                   0x08002730   Section        0  tasks.o(i.prvInitialiseNewTask)
    prvInitialiseNewTask                     0x08002731   Thumb Code   142  tasks.o(i.prvInitialiseNewTask)
    i.prvInsertBlockIntoFreeList             0x080027c0   Section        0  heap_4.o(i.prvInsertBlockIntoFreeList)
    prvInsertBlockIntoFreeList               0x080027c1   Thumb Code    72  heap_4.o(i.prvInsertBlockIntoFreeList)
    i.prvResetNextTaskUnblockTime            0x0800280c   Section        0  tasks.o(i.prvResetNextTaskUnblockTime)
    prvResetNextTaskUnblockTime              0x0800280d   Thumb Code    26  tasks.o(i.prvResetNextTaskUnblockTime)
    i.prvTaskExitError                       0x0800282c   Section        0  port.o(i.prvTaskExitError)
    prvTaskExitError                         0x0800282d   Thumb Code    36  port.o(i.prvTaskExitError)
    i.pvPortMalloc                           0x08002854   Section        0  heap_4.o(i.pvPortMalloc)
    i.pxPortInitialiseStack                  0x0800292c   Section        0  port.o(i.pxPortInitialiseStack)
    i.uxListRemove                           0x08002950   Section        0  list.o(i.uxListRemove)
    i.vApplicationGetIdleTaskMemory          0x08002978   Section        0  freertos.o(i.vApplicationGetIdleTaskMemory)
    i.vListInitialise                        0x0800298c   Section        0  list.o(i.vListInitialise)
    i.vListInitialiseItem                    0x080029a2   Section        0  list.o(i.vListInitialiseItem)
    i.vListInsert                            0x080029a8   Section        0  list.o(i.vListInsert)
    i.vListInsertEnd                         0x080029d8   Section        0  list.o(i.vListInsertEnd)
    i.vPortEnterCritical                     0x080029f0   Section        0  port.o(i.vPortEnterCritical)
    i.vPortExitCritical                      0x08002a30   Section        0  port.o(i.vPortExitCritical)
    i.vPortFree                              0x08002a58   Section        0  heap_4.o(i.vPortFree)
    i.vPortSetupTimerInterrupt               0x08002ab4   Section        0  port.o(i.vPortSetupTimerInterrupt)
    i.vTaskDelay                             0x08002ad8   Section        0  tasks.o(i.vTaskDelay)
    i.vTaskStartScheduler                    0x08002b24   Section        0  tasks.o(i.vTaskStartScheduler)
    i.vTaskSuspendAll                        0x08002b90   Section        0  tasks.o(i.vTaskSuspendAll)
    i.vTaskSwitchContext                     0x08002ba0   Section        0  tasks.o(i.vTaskSwitchContext)
    i.xPortStartScheduler                    0x08002bfc   Section        0  port.o(i.xPortStartScheduler)
    i.xPortSysTickHandler                    0x08002ca4   Section        0  port.o(i.xPortSysTickHandler)
    i.xTaskCreate                            0x08002cd0   Section        0  tasks.o(i.xTaskCreate)
    i.xTaskCreateStatic                      0x08002d2a   Section        0  tasks.o(i.xTaskCreateStatic)
    i.xTaskGetSchedulerState                 0x08002d80   Section        0  tasks.o(i.xTaskGetSchedulerState)
    i.xTaskIncrementTick                     0x08002d9c   Section        0  tasks.o(i.xTaskIncrementTick)
    i.xTaskResumeAll                         0x08002e64   Section        0  tasks.o(i.xTaskResumeAll)
    x$fpl$ffix                               0x08002f28   Section       54  ffix.o(x$fpl$ffix)
    x$fpl$ffixu                              0x08002f60   Section       62  ffixu.o(x$fpl$ffixu)
    x$fpl$ffltu                              0x08002fa0   Section       38  fflt_clz.o(x$fpl$ffltu)
    x$fpl$fnaninf                            0x08002fc6   Section      140  fnaninf.o(x$fpl$fnaninf)
    x$fpl$usenofp                            0x08003052   Section        0  usenofp.o(x$fpl$usenofp)
    .constdata                               0x08003054   Section       56  main.o(.constdata)
    .constdata                               0x0800308c   Section       16  system_stm32f1xx.o(.constdata)
    .constdata                               0x0800309c   Section        8  system_stm32f1xx.o(.constdata)
    .conststring                             0x080030a4   Section       28  main.o(.conststring)
    .data                                    0x20000000   Section       28  main.o(.data)
    .data                                    0x2000001c   Section       12  stm32f1xx_hal.o(.data)
    .data                                    0x20000028   Section        4  system_stm32f1xx.o(.data)
    .data                                    0x2000002c   Section       60  tasks.o(.data)
    pxDelayedTaskList                        0x20000030   Data           4  tasks.o(.data)
    pxOverflowDelayedTaskList                0x20000034   Data           4  tasks.o(.data)
    uxDeletedTasksWaitingCleanUp             0x20000038   Data           4  tasks.o(.data)
    uxCurrentNumberOfTasks                   0x2000003c   Data           4  tasks.o(.data)
    xTickCount                               0x20000040   Data           4  tasks.o(.data)
    uxTopReadyPriority                       0x20000044   Data           4  tasks.o(.data)
    xSchedulerRunning                        0x20000048   Data           4  tasks.o(.data)
    uxPendedTicks                            0x2000004c   Data           4  tasks.o(.data)
    xYieldPending                            0x20000050   Data           4  tasks.o(.data)
    xNumOfOverflows                          0x20000054   Data           4  tasks.o(.data)
    uxTaskNumber                             0x20000058   Data           4  tasks.o(.data)
    xNextTaskUnblockTime                     0x2000005c   Data           4  tasks.o(.data)
    xIdleTaskHandle                          0x20000060   Data           4  tasks.o(.data)
    uxSchedulerSuspended                     0x20000064   Data           4  tasks.o(.data)
    .data                                    0x20000068   Section       24  heap_4.o(.data)
    pxEnd                                    0x20000068   Data           4  heap_4.o(.data)
    xFreeBytesRemaining                      0x2000006c   Data           4  heap_4.o(.data)
    xMinimumEverFreeBytesRemaining           0x20000070   Data           4  heap_4.o(.data)
    xBlockAllocatedBit                       0x20000074   Data           4  heap_4.o(.data)
    xStart                                   0x20000078   Data           8  heap_4.o(.data)
    .data                                    0x20000080   Section       12  port.o(.data)
    ucMaxSysCallPriority                     0x20000080   Data           1  port.o(.data)
    uxCriticalNesting                        0x20000084   Data           4  port.o(.data)
    ulMaxPRIGROUPValue                       0x20000088   Data           4  port.o(.data)
    .bss                                     0x2000008c   Section      384  main.o(.bss)
    .bss                                     0x2000020c   Section       68  main.o(.bss)
    .bss                                     0x20000250   Section      596  freertos.o(.bss)
    xIdleTaskTCBBuffer                       0x20000250   Data          84  freertos.o(.bss)
    xIdleStack                               0x200002a4   Data         512  freertos.o(.bss)
    .bss                                     0x200004a4   Section      240  tasks.o(.bss)
    pxReadyTasksLists                        0x200004a4   Data         140  tasks.o(.bss)
    xDelayedTaskList1                        0x20000530   Data          20  tasks.o(.bss)
    xDelayedTaskList2                        0x20000544   Data          20  tasks.o(.bss)
    xPendingReadyList                        0x20000558   Data          20  tasks.o(.bss)
    xTasksWaitingTermination                 0x2000056c   Data          20  tasks.o(.bss)
    xSuspendedTaskList                       0x20000580   Data          20  tasks.o(.bss)
    .bss                                     0x20000594   Section     3072  heap_4.o(.bss)
    ucHeap                                   0x20000594   Data        3072  heap_4.o(.bss)
    .bss                                     0x20001194   Section       96  libspace.o(.bss)
    HEAP                                     0x200011f8   Section      512  startup_stm32f103xb.o(HEAP)
    Heap_Mem                                 0x200011f8   Data         512  startup_stm32f103xb.o(HEAP)
    STACK                                    0x200013f8   Section     1024  startup_stm32f103xb.o(STACK)
    Stack_Mem                                0x200013f8   Data        1024  startup_stm32f103xb.o(STACK)
    __initial_sp                             0x200017f8   Data           0  startup_stm32f103xb.o(STACK)

    Global Symbols

    Symbol Name                              Value     Ov Type        Size  Object(Section)

    BuildAttributes$$THM_ISAv4$P$D$K$B$S$PE$A:L22UL41UL21$X:L11$S22US41US21$IEEE1$IW$USESV6$~STKCKD$USESV7$~SHL$OSPACE$ROPI$EBA8$UX$STANDARDLIB$REQ8$PRES8$EABIv2 0x00000000   Number         0  anon$$obj.o ABSOLUTE
    __ARM_use_no_argv                        0x00000000   Number         0  main.o ABSOLUTE
    __ARM_exceptions_init                     - Undefined Weak Reference
    __alloca_initialize                       - Undefined Weak Reference
    __arm_preinit_                            - Undefined Weak Reference
    __cpp_initialize__aeabi_                  - Undefined Weak Reference
    __cxa_finalize                            - Undefined Weak Reference
    __rt_locale                               - Undefined Weak Reference
    __sigvec_lookup                           - Undefined Weak Reference
    _atexit_init                              - Undefined Weak Reference
    _call_atexit_fns                          - Undefined Weak Reference
    _clock_init                               - Undefined Weak Reference
    _fp_trap_init                             - Undefined Weak Reference
    _fp_trap_shutdown                         - Undefined Weak Reference
    _get_lc_collate                           - Undefined Weak Reference
    _get_lc_ctype                             - Undefined Weak Reference
    _get_lc_monetary                          - Undefined Weak Reference
    _get_lc_numeric                           - Undefined Weak Reference
    _get_lc_time                              - Undefined Weak Reference
    _getenv_init                              - Undefined Weak Reference
    _handle_redirection                       - Undefined Weak Reference
    _init_alloc                               - Undefined Weak Reference
    _init_user_alloc                          - Undefined Weak Reference
    _initio                                   - Undefined Weak Reference
    _printf_post_padding                      - Undefined Weak Reference
    _printf_pre_padding                       - Undefined Weak Reference
    _printf_truncate_signed                   - Undefined Weak Reference
    _printf_truncate_unsigned                 - Undefined Weak Reference
    _rand_init                                - Undefined Weak Reference
    _signal_finish                            - Undefined Weak Reference
    _signal_init                              - Undefined Weak Reference
    _terminate_alloc                          - Undefined Weak Reference
    _terminate_user_alloc                     - Undefined Weak Reference
    _terminateio                              - Undefined Weak Reference
    __Vectors_Size                           0x000000ec   Number         0  startup_stm32f103xb.o ABSOLUTE
    __Vectors                                0x08000000   Data           4  startup_stm32f103xb.o(RESET)
    __Vectors_End                            0x080000ec   Data           0  startup_stm32f103xb.o(RESET)
    __main                                   0x080000ed   Thumb Code     8  __main.o(!!!main)
    __scatterload                            0x080000f5   Thumb Code     0  __scatter.o(!!!scatter)
    __scatterload_rt2                        0x080000f5   Thumb Code    44  __scatter.o(!!!scatter)
    __scatterload_rt2_thumb_only             0x080000f5   Thumb Code     0  __scatter.o(!!!scatter)
    __scatterload_null                       0x08000103   Thumb Code     0  __scatter.o(!!!scatter)
    __scatterload_copy                       0x08000129   Thumb Code    26  __scatter_copy.o(!!handler_copy)
    __scatterload_zeroinit                   0x08000145   Thumb Code    28  __scatter_zi.o(!!handler_zi)
    _printf_d                                0x08000161   Thumb Code     0  _printf_d.o(.ARM.Collect$$_printf_percent$$00000009)
    _printf_percent                          0x08000161   Thumb Code     0  _printf_percent.o(.ARM.Collect$$_printf_percent$$00000000)
    _printf_percent_end                      0x08000167   Thumb Code     0  _printf_percent_end.o(.ARM.Collect$$_printf_percent$$00000017)
    __rt_lib_init                            0x0800016b   Thumb Code     0  libinit.o(.ARM.Collect$$libinit$$00000000)
    __rt_lib_init_alloca_1                   0x0800016d   Thumb Code     0  libinit2.o(.ARM.Collect$$libinit$$0000002E)
    __rt_lib_init_argv_1                     0x0800016d   Thumb Code     0  libinit2.o(.ARM.Collect$$libinit$$0000002C)
    __rt_lib_init_atexit_1                   0x0800016d   Thumb Code     0  libinit2.o(.ARM.Collect$$libinit$$0000001B)
    __rt_lib_init_clock_1                    0x0800016d   Thumb Code     0  libinit2.o(.ARM.Collect$$libinit$$00000021)
    __rt_lib_init_cpp_1                      0x0800016d   Thumb Code     0  libinit2.o(.ARM.Collect$$libinit$$00000032)
    __rt_lib_init_exceptions_1               0x0800016d   Thumb Code     0  libinit2.o(.ARM.Collect$$libinit$$00000030)
    __rt_lib_init_fp_1                       0x0800016d   Thumb Code     0  libinit2.o(.ARM.Collect$$libinit$$00000002)
    __rt_lib_init_fp_trap_1                  0x0800016d   Thumb Code     0  libinit2.o(.ARM.Collect$$libinit$$0000001F)
    __rt_lib_init_getenv_1                   0x0800016d   Thumb Code     0  libinit2.o(.ARM.Collect$$libinit$$00000023)
    __rt_lib_init_heap_1                     0x0800016d   Thumb Code     0  libinit2.o(.ARM.Collect$$libinit$$0000000A)
    __rt_lib_init_lc_collate_1               0x0800016d   Thumb Code     0  libinit2.o(.ARM.Collect$$libinit$$00000011)
    __rt_lib_init_lc_ctype_1                 0x0800016d   Thumb Code     0  libinit2.o(.ARM.Collect$$libinit$$00000013)
    __rt_lib_init_lc_monetary_1              0x0800016d   Thumb Code     0  libinit2.o(.ARM.Collect$$libinit$$00000015)
    __rt_lib_init_lc_numeric_1               0x0800016d   Thumb Code     0  libinit2.o(.ARM.Collect$$libinit$$00000017)
    __rt_lib_init_lc_time_1                  0x0800016d   Thumb Code     0  libinit2.o(.ARM.Collect$$libinit$$00000019)
    __rt_lib_init_preinit_1                  0x0800016d   Thumb Code     0  libinit2.o(.ARM.Collect$$libinit$$00000004)
    __rt_lib_init_rand_1                     0x0800016d   Thumb Code     0  libinit2.o(.ARM.Collect$$libinit$$0000000E)
    __rt_lib_init_return                     0x0800016d   Thumb Code     0  libinit2.o(.ARM.Collect$$libinit$$00000033)
    __rt_lib_init_signal_1                   0x0800016d   Thumb Code     0  libinit2.o(.ARM.Collect$$libinit$$0000001D)
    __rt_lib_init_stdio_1                    0x0800016d   Thumb Code     0  libinit2.o(.ARM.Collect$$libinit$$00000025)
    __rt_lib_init_user_alloc_1               0x0800016d   Thumb Code     0  libinit2.o(.ARM.Collect$$libinit$$0000000C)
    __rt_lib_shutdown                        0x0800016f   Thumb Code     0  libshutdown.o(.ARM.Collect$$libshutdown$$00000000)
    __rt_lib_shutdown_cpp_1                  0x08000171   Thumb Code     0  libshutdown2.o(.ARM.Collect$$libshutdown$$00000002)
    __rt_lib_shutdown_fp_trap_1              0x08000171   Thumb Code     0  libshutdown2.o(.ARM.Collect$$libshutdown$$00000007)
    __rt_lib_shutdown_heap_1                 0x08000171   Thumb Code     0  libshutdown2.o(.ARM.Collect$$libshutdown$$0000000F)
    __rt_lib_shutdown_return                 0x08000171   Thumb Code     0  libshutdown2.o(.ARM.Collect$$libshutdown$$00000010)
    __rt_lib_shutdown_signal_1               0x08000171   Thumb Code     0  libshutdown2.o(.ARM.Collect$$libshutdown$$0000000A)
    __rt_lib_shutdown_stdio_1                0x08000171   Thumb Code     0  libshutdown2.o(.ARM.Collect$$libshutdown$$00000004)
    __rt_lib_shutdown_user_alloc_1           0x08000171   Thumb Code     0  libshutdown2.o(.ARM.Collect$$libshutdown$$0000000C)
    __rt_entry                               0x08000173   Thumb Code     0  __rtentry.o(.ARM.Collect$$rtentry$$00000000)
    __rt_entry_presh_1                       0x08000173   Thumb Code     0  __rtentry2.o(.ARM.Collect$$rtentry$$00000002)
    __rt_entry_sh                            0x08000173   Thumb Code     0  __rtentry4.o(.ARM.Collect$$rtentry$$00000004)
    __rt_entry_li                            0x08000179   Thumb Code     0  __rtentry2.o(.ARM.Collect$$rtentry$$0000000A)
    __rt_entry_postsh_1                      0x08000179   Thumb Code     0  __rtentry2.o(.ARM.Collect$$rtentry$$00000009)
    __rt_entry_main                          0x0800017d   Thumb Code     0  __rtentry2.o(.ARM.Collect$$rtentry$$0000000D)
    __rt_entry_postli_1                      0x0800017d   Thumb Code     0  __rtentry2.o(.ARM.Collect$$rtentry$$0000000C)
    __rt_exit                                0x08000185   Thumb Code     0  rtexit.o(.ARM.Collect$$rtexit$$00000000)
    __rt_exit_ls                             0x08000187   Thumb Code     0  rtexit2.o(.ARM.Collect$$rtexit$$00000003)
    __rt_exit_prels_1                        0x08000187   Thumb Code     0  rtexit2.o(.ARM.Collect$$rtexit$$00000002)
    __rt_exit_exit                           0x0800018b   Thumb Code     0  rtexit2.o(.ARM.Collect$$rtexit$$00000004)
    SVC_Handler                              0x08000191   Thumb Code    32  port.o(.emb_text)
    __asm___6_port_c_39a90d8d__prvStartFirstTask 0x080001b5   Thumb Code    28  port.o(.emb_text)
    PendSV_Handler                           0x080001d5   Thumb Code    72  port.o(.emb_text)
    vPortGetIPSR                             0x08000221   Thumb Code     6  port.o(.emb_text)
    Reset_Handler                            0x08000229   Thumb Code     8  startup_stm32f103xb.o(.text)
    CAN1_RX1_IRQHandler                      0x08000243   Thumb Code     0  startup_stm32f103xb.o(.text)
    CAN1_SCE_IRQHandler                      0x08000243   Thumb Code     0  startup_stm32f103xb.o(.text)
    DMA1_Channel2_IRQHandler                 0x08000243   Thumb Code     0  startup_stm32f103xb.o(.text)
    DMA1_Channel3_IRQHandler                 0x08000243   Thumb Code     0  startup_stm32f103xb.o(.text)
    DMA1_Channel4_IRQHandler                 0x08000243   Thumb Code     0  startup_stm32f103xb.o(.text)
    DMA1_Channel5_IRQHandler                 0x08000243   Thumb Code     0  startup_stm32f103xb.o(.text)
    DMA1_Channel6_IRQHandler                 0x08000243   Thumb Code     0  startup_stm32f103xb.o(.text)
    DMA1_Channel7_IRQHandler                 0x08000243   Thumb Code     0  startup_stm32f103xb.o(.text)
    EXTI0_IRQHandler                         0x08000243   Thumb Code     0  startup_stm32f103xb.o(.text)
    EXTI15_10_IRQHandler                     0x08000243   Thumb Code     0  startup_stm32f103xb.o(.text)
    EXTI1_IRQHandler                         0x08000243   Thumb Code     0  startup_stm32f103xb.o(.text)
    EXTI2_IRQHandler                         0x08000243   Thumb Code     0  startup_stm32f103xb.o(.text)
    EXTI3_IRQHandler                         0x08000243   Thumb Code     0  startup_stm32f103xb.o(.text)
    EXTI4_IRQHandler                         0x08000243   Thumb Code     0  startup_stm32f103xb.o(.text)
    EXTI9_5_IRQHandler                       0x08000243   Thumb Code     0  startup_stm32f103xb.o(.text)
    FLASH_IRQHandler                         0x08000243   Thumb Code     0  startup_stm32f103xb.o(.text)
    I2C1_ER_IRQHandler                       0x08000243   Thumb Code     0  startup_stm32f103xb.o(.text)
    I2C1_EV_IRQHandler                       0x08000243   Thumb Code     0  startup_stm32f103xb.o(.text)
    I2C2_ER_IRQHandler                       0x08000243   Thumb Code     0  startup_stm32f103xb.o(.text)
    I2C2_EV_IRQHandler                       0x08000243   Thumb Code     0  startup_stm32f103xb.o(.text)
    PVD_IRQHandler                           0x08000243   Thumb Code     0  startup_stm32f103xb.o(.text)
    RCC_IRQHandler                           0x08000243   Thumb Code     0  startup_stm32f103xb.o(.text)
    RTC_Alarm_IRQHandler                     0x08000243   Thumb Code     0  startup_stm32f103xb.o(.text)
    RTC_IRQHandler                           0x08000243   Thumb Code     0  startup_stm32f103xb.o(.text)
    SPI1_IRQHandler                          0x08000243   Thumb Code     0  startup_stm32f103xb.o(.text)
    SPI2_IRQHandler                          0x08000243   Thumb Code     0  startup_stm32f103xb.o(.text)
    TAMPER_IRQHandler                        0x08000243   Thumb Code     0  startup_stm32f103xb.o(.text)
    TIM1_BRK_IRQHandler                      0x08000243   Thumb Code     0  startup_stm32f103xb.o(.text)
    TIM1_CC_IRQHandler                       0x08000243   Thumb Code     0  startup_stm32f103xb.o(.text)
    TIM1_TRG_COM_IRQHandler                  0x08000243   Thumb Code     0  startup_stm32f103xb.o(.text)
    TIM1_UP_IRQHandler                       0x08000243   Thumb Code     0  startup_stm32f103xb.o(.text)
    TIM2_IRQHandler                          0x08000243   Thumb Code     0  startup_stm32f103xb.o(.text)
    TIM3_IRQHandler                          0x08000243   Thumb Code     0  startup_stm32f103xb.o(.text)
    TIM4_IRQHandler                          0x08000243   Thumb Code     0  startup_stm32f103xb.o(.text)
    USART1_IRQHandler                        0x08000243   Thumb Code     0  startup_stm32f103xb.o(.text)
    USART2_IRQHandler                        0x08000243   Thumb Code     0  startup_stm32f103xb.o(.text)
    USART3_IRQHandler                        0x08000243   Thumb Code     0  startup_stm32f103xb.o(.text)
    USBWakeUp_IRQHandler                     0x08000243   Thumb Code     0  startup_stm32f103xb.o(.text)
    USB_HP_CAN1_TX_IRQHandler                0x08000243   Thumb Code     0  startup_stm32f103xb.o(.text)
    USB_LP_CAN1_RX0_IRQHandler               0x08000243   Thumb Code     0  startup_stm32f103xb.o(.text)
    WWDG_IRQHandler                          0x08000243   Thumb Code     0  startup_stm32f103xb.o(.text)
    __user_initial_stackheap                 0x08000245   Thumb Code     0  startup_stm32f103xb.o(.text)
    __2sprintf                               0x08000269   Thumb Code    34  noretval__2sprintf.o(.text)
    __printf                                 0x08000291   Thumb Code   104  __printf.o(.text)
    _printf_int_dec                          0x080002f9   Thumb Code   104  _printf_dec.o(.text)
    strlen                                   0x08000371   Thumb Code    62  strlen.o(.text)
    __aeabi_memcpy4                          0x080003af   Thumb Code     0  rt_memcpy_w.o(.text)
    __aeabi_memcpy8                          0x080003af   Thumb Code     0  rt_memcpy_w.o(.text)
    __rt_memcpy_w                            0x080003af   Thumb Code   100  rt_memcpy_w.o(.text)
    _memcpy_lastbytes_aligned                0x080003f7   Thumb Code     0  rt_memcpy_w.o(.text)
    __aeabi_memclr4                          0x08000413   Thumb Code     0  rt_memclr_w.o(.text)
    __aeabi_memclr8                          0x08000413   Thumb Code     0  rt_memclr_w.o(.text)
    __rt_memclr_w                            0x08000413   Thumb Code    78  rt_memclr_w.o(.text)
    _memset_w                                0x08000417   Thumb Code     0  rt_memclr_w.o(.text)
    __use_two_region_memory                  0x08000461   Thumb Code     2  heapauxi.o(.text)
    __rt_heap_escrow$2region                 0x08000463   Thumb Code     2  heapauxi.o(.text)
    __rt_heap_expand$2region                 0x08000465   Thumb Code     2  heapauxi.o(.text)
    _printf_int_common                       0x08000467   Thumb Code   178  _printf_intcommon.o(.text)
    _printf_char_common                      0x08000523   Thumb Code    32  _printf_char_common.o(.text)
    _sputc                                   0x08000549   Thumb Code    10  _sputc.o(.text)
    __user_setup_stackheap                   0x08000553   Thumb Code    74  sys_stackheap_outer.o(.text)
    exit                                     0x0800059d   Thumb Code    18  exit.o(.text)
    __user_libspace                          0x080005b1   Thumb Code     8  libspace.o(.text)
    __user_perproc_libspace                  0x080005b1   Thumb Code     0  libspace.o(.text)
    __user_perthread_libspace                0x080005b1   Thumb Code     0  libspace.o(.text)
    _sys_exit                                0x080005b9   Thumb Code     8  sys_exit.o(.text)
    __I$use$semihosting                      0x080005c5   Thumb Code     0  use_no_semi.o(.text)
    __use_no_semihosting_swi                 0x080005c5   Thumb Code     2  use_no_semi.o(.text)
    __semihosting_library_function           0x080005c7   Thumb Code     0  indicate_semi.o(.text)
    ADC1_2_IRQHandler                        0x080005c9   Thumb Code    18  stm32f1xx_it.o(i.ADC1_2_IRQHandler)
    ADC_ConversionStop_Disable               0x080005e5   Thumb Code    86  stm32f1xx_hal_adc.o(i.ADC_ConversionStop_Disable)
    ADC_DMAConvCplt                          0x0800063b   Thumb Code    78  stm32f1xx_hal_adc.o(i.ADC_DMAConvCplt)
    ADC_DMAError                             0x08000689   Thumb Code    26  stm32f1xx_hal_adc.o(i.ADC_DMAError)
    ADC_DMAHalfConvCplt                      0x080006a3   Thumb Code    10  stm32f1xx_hal_adc.o(i.ADC_DMAHalfConvCplt)
    ADC_Enable                               0x080006ad   Thumb Code   114  stm32f1xx_hal_adc.o(i.ADC_Enable)
    BusFault_Handler                         0x08000729   Thumb Code     2  stm32f1xx_it.o(i.BusFault_Handler)
    DELAY_TIM_Init                           0x0800072b   Thumb Code     4  delay_timer.o(i.DELAY_TIM_Init)
    DELAY_TIM_Us                             0x0800072f   Thumb Code    16  delay_timer.o(i.DELAY_TIM_Us)
    DHT_Init                                 0x0800074b   Thumb Code    40  dht.o(i.DHT_Init)
    DHT_Init1                                0x08000773   Thumb Code    40  dht.o(i.DHT_Init1)
    DHT_ReadTempHum                          0x0800085b   Thumb Code    76  dht.o(i.DHT_ReadTempHum)
    DHT_ReadTempHum1                         0x080008a7   Thumb Code    76  dht.o(i.DHT_ReadTempHum1)
    DMA1_Channel1_IRQHandler                 0x08000a05   Thumb Code     6  stm32f1xx_it.o(i.DMA1_Channel1_IRQHandler)
    DebugMon_Handler                         0x08000a3b   Thumb Code     2  stm32f1xx_it.o(i.DebugMon_Handler)
    Error_Handler                            0x08000a3d   Thumb Code     4  main.o(i.Error_Handler)
    HAL_ADCEx_InjectedConvCpltCallback       0x08000a41   Thumb Code     2  stm32f1xx_hal_adc_ex.o(i.HAL_ADCEx_InjectedConvCpltCallback)
    HAL_ADC_ConfigChannel                    0x08000a45   Thumb Code   240  stm32f1xx_hal_adc.o(i.HAL_ADC_ConfigChannel)
    HAL_ADC_ConvCpltCallback                 0x08000b41   Thumb Code     2  stm32f1xx_hal_adc.o(i.HAL_ADC_ConvCpltCallback)
    HAL_ADC_ConvHalfCpltCallback             0x08000b43   Thumb Code     2  stm32f1xx_hal_adc.o(i.HAL_ADC_ConvHalfCpltCallback)
    HAL_ADC_ErrorCallback                    0x08000b45   Thumb Code     2  stm32f1xx_hal_adc.o(i.HAL_ADC_ErrorCallback)
    HAL_ADC_IRQHandler                       0x08000b47   Thumb Code   230  stm32f1xx_hal_adc.o(i.HAL_ADC_IRQHandler)
    HAL_ADC_Init                             0x08000c2d   Thumb Code   272  stm32f1xx_hal_adc.o(i.HAL_ADC_Init)
    HAL_ADC_LevelOutOfWindowCallback         0x08000d49   Thumb Code     2  stm32f1xx_hal_adc.o(i.HAL_ADC_LevelOutOfWindowCallback)
    HAL_ADC_MspInit                          0x08000d4d   Thumb Code   260  stm32f1xx_hal_msp.o(i.HAL_ADC_MspInit)
    HAL_ADC_Start_DMA                        0x08000e6d   Thumb Code   246  stm32f1xx_hal_adc.o(i.HAL_ADC_Start_DMA)
    HAL_DMA_IRQHandler                       0x08000f79   Thumb Code   316  stm32f1xx_hal_dma.o(i.HAL_DMA_IRQHandler)
    HAL_DMA_Init                             0x080010cd   Thumb Code    84  stm32f1xx_hal_dma.o(i.HAL_DMA_Init)
    HAL_DMA_Start_IT                         0x08001129   Thumb Code   112  stm32f1xx_hal_dma.o(i.HAL_DMA_Start_IT)
    HAL_GPIO_Init                            0x08001199   Thumb Code   446  stm32f1xx_hal_gpio.o(i.HAL_GPIO_Init)
    HAL_GPIO_ReadPin                         0x08001379   Thumb Code    10  stm32f1xx_hal_gpio.o(i.HAL_GPIO_ReadPin)
    HAL_GPIO_WritePin                        0x08001383   Thumb Code    10  stm32f1xx_hal_gpio.o(i.HAL_GPIO_WritePin)
    HAL_GetTick                              0x0800138d   Thumb Code     6  stm32f1xx_hal.o(i.HAL_GetTick)
    HAL_IncTick                              0x08001399   Thumb Code    12  stm32f1xx_hal.o(i.HAL_IncTick)
    HAL_Init                                 0x080013a9   Thumb Code    32  stm32f1xx_hal.o(i.HAL_Init)
    HAL_InitTick                             0x080013cd   Thumb Code    54  stm32f1xx_hal.o(i.HAL_InitTick)
    HAL_MspInit                              0x0800140d   Thumb Code    62  stm32f1xx_hal_msp.o(i.HAL_MspInit)
    HAL_NVIC_EnableIRQ                       0x08001455   Thumb Code    26  stm32f1xx_hal_cortex.o(i.HAL_NVIC_EnableIRQ)
    HAL_NVIC_SetPriority                     0x08001471   Thumb Code    60  stm32f1xx_hal_cortex.o(i.HAL_NVIC_SetPriority)
    HAL_NVIC_SetPriorityGrouping             0x080014b1   Thumb Code    26  stm32f1xx_hal_cortex.o(i.HAL_NVIC_SetPriorityGrouping)
    HAL_RCCEx_PeriphCLKConfig                0x080014d5   Thumb Code   224  stm32f1xx_hal_rcc_ex.o(i.HAL_RCCEx_PeriphCLKConfig)
    HAL_RCC_ClockConfig                      0x080015c1   Thumb Code   280  stm32f1xx_hal_rcc.o(i.HAL_RCC_ClockConfig)
    HAL_RCC_GetPCLK1Freq                     0x080016ed   Thumb Code    20  stm32f1xx_hal_rcc.o(i.HAL_RCC_GetPCLK1Freq)
    HAL_RCC_GetPCLK2Freq                     0x0800170d   Thumb Code    20  stm32f1xx_hal_rcc.o(i.HAL_RCC_GetPCLK2Freq)
    HAL_RCC_GetSysClockFreq                  0x0800172d   Thumb Code    74  stm32f1xx_hal_rcc.o(i.HAL_RCC_GetSysClockFreq)
    HAL_RCC_OscConfig                        0x08001799   Thumb Code   778  stm32f1xx_hal_rcc.o(i.HAL_RCC_OscConfig)
    HAL_SYSTICK_Config                       0x08001ab9   Thumb Code    40  stm32f1xx_hal_cortex.o(i.HAL_SYSTICK_Config)
    HAL_TIMEx_MasterConfigSynchronization    0x08001ae1   Thumb Code    92  stm32f1xx_hal_tim_ex.o(i.HAL_TIMEx_MasterConfigSynchronization)
    HAL_TIM_Base_Init                        0x08001b49   Thumb Code    90  stm32f1xx_hal_tim.o(i.HAL_TIM_Base_Init)
    HAL_TIM_Base_MspInit                     0x08001ba5   Thumb Code    30  stm32f1xx_hal_msp.o(i.HAL_TIM_Base_MspInit)
    HAL_TIM_Base_Start                       0x08001bcd   Thumb Code    66  stm32f1xx_hal_tim.o(i.HAL_TIM_Base_Start)
    HAL_TIM_ConfigClockSource                0x08001c1d   Thumb Code   214  stm32f1xx_hal_tim.o(i.HAL_TIM_ConfigClockSource)
    HAL_UART_Init                            0x08001cf3   Thumb Code    98  stm32f1xx_hal_uart.o(i.HAL_UART_Init)
    HAL_UART_MspInit                         0x08001d55   Thumb Code    98  stm32f1xx_hal_msp.o(i.HAL_UART_MspInit)
    HAL_UART_Transmit                        0x08001dc5   Thumb Code   178  stm32f1xx_hal_uart.o(i.HAL_UART_Transmit)
    HardFault_Handler                        0x08001e77   Thumb Code     2  stm32f1xx_it.o(i.HardFault_Handler)
    MemManage_Handler                        0x08002041   Thumb Code     2  stm32f1xx_it.o(i.MemManage_Handler)
    NMI_Handler                              0x08002043   Thumb Code     2  stm32f1xx_it.o(i.NMI_Handler)
    StartTask_Sensor                         0x08002045   Thumb Code   132  main.o(i.StartTask_Sensor)
    StartTask_Sensor1                        0x080020e9   Thumb Code    40  main.o(i.StartTask_Sensor1)
    SysTick_Handler                          0x08002115   Thumb Code    24  stm32f1xx_it.o(i.SysTick_Handler)
    SystemClock_Config                       0x0800212d   Thumb Code   120  main.o(i.SystemClock_Config)
    SystemInit                               0x080021a5   Thumb Code     2  system_stm32f1xx.o(i.SystemInit)
    TIM_Base_SetConfig                       0x080021a9   Thumb Code    94  stm32f1xx_hal_tim.o(i.TIM_Base_SetConfig)
    TIM_ETR_SetConfig                        0x08002215   Thumb Code    20  stm32f1xx_hal_tim.o(i.TIM_ETR_SetConfig)
    UsageFault_Handler                       0x0800239d   Thumb Code     2  stm32f1xx_it.o(i.UsageFault_Handler)
    main                                     0x080023c1   Thumb Code   190  main.o(i.main)
    osDelay                                  0x080024a5   Thumb Code    14  cmsis_os.o(i.osDelay)
    osKernelStart                            0x080024b3   Thumb Code    10  cmsis_os.o(i.osKernelStart)
    osThreadCreate                           0x080024bd   Thumb Code    84  cmsis_os.o(i.osThreadCreate)
    pvPortMalloc                             0x08002855   Thumb Code   210  heap_4.o(i.pvPortMalloc)
    pxPortInitialiseStack                    0x0800292d   Thumb Code    32  port.o(i.pxPortInitialiseStack)
    uxListRemove                             0x08002951   Thumb Code    38  list.o(i.uxListRemove)
    vApplicationGetIdleTaskMemory            0x08002979   Thumb Code    16  freertos.o(i.vApplicationGetIdleTaskMemory)
    vListInitialise                          0x0800298d   Thumb Code    22  list.o(i.vListInitialise)
    vListInitialiseItem                      0x080029a3   Thumb Code     6  list.o(i.vListInitialiseItem)
    vListInsert                              0x080029a9   Thumb Code    48  list.o(i.vListInsert)
    vListInsertEnd                           0x080029d9   Thumb Code    24  list.o(i.vListInsertEnd)
    vPortEnterCritical                       0x080029f1   Thumb Code    54  port.o(i.vPortEnterCritical)
    vPortExitCritical                        0x08002a31   Thumb Code    34  port.o(i.vPortExitCritical)
    vPortFree                                0x08002a59   Thumb Code    88  heap_4.o(i.vPortFree)
    vPortSetupTimerInterrupt                 0x08002ab5   Thumb Code    32  port.o(i.vPortSetupTimerInterrupt)
    vTaskDelay                               0x08002ad9   Thumb Code    66  tasks.o(i.vTaskDelay)
    vTaskStartScheduler                      0x08002b25   Thumb Code    90  tasks.o(i.vTaskStartScheduler)
    vTaskSuspendAll                          0x08002b91   Thumb Code    10  tasks.o(i.vTaskSuspendAll)
    vTaskSwitchContext                       0x08002ba1   Thumb Code    82  tasks.o(i.vTaskSwitchContext)
    xPortStartScheduler                      0x08002bfd   Thumb Code   154  port.o(i.xPortStartScheduler)
    xPortSysTickHandler                      0x08002ca5   Thumb Code    38  port.o(i.xPortSysTickHandler)
    xTaskCreate                              0x08002cd1   Thumb Code    90  tasks.o(i.xTaskCreate)
    xTaskCreateStatic                        0x08002d2b   Thumb Code    86  tasks.o(i.xTaskCreateStatic)
    xTaskGetSchedulerState                   0x08002d81   Thumb Code    22  tasks.o(i.xTaskGetSchedulerState)
    xTaskIncrementTick                       0x08002d9d   Thumb Code   192  tasks.o(i.xTaskIncrementTick)
    xTaskResumeAll                           0x08002e65   Thumb Code   182  tasks.o(i.xTaskResumeAll)
    __aeabi_f2iz                             0x08002f29   Thumb Code     0  ffix.o(x$fpl$ffix)
    _ffix                                    0x08002f29   Thumb Code    54  ffix.o(x$fpl$ffix)
    __aeabi_f2uiz                            0x08002f61   Thumb Code     0  ffixu.o(x$fpl$ffixu)
    _ffixu                                   0x08002f61   Thumb Code    62  ffixu.o(x$fpl$ffixu)
    __aeabi_ui2f                             0x08002fa1   Thumb Code     0  fflt_clz.o(x$fpl$ffltu)
    _ffltu                                   0x08002fa1   Thumb Code    38  fflt_clz.o(x$fpl$ffltu)
    __fpl_fnaninf                            0x08002fc7   Thumb Code   140  fnaninf.o(x$fpl$fnaninf)
    __I$use$fp                               0x08003052   Number         0  usenofp.o(x$fpl$usenofp)
    AHBPrescTable                            0x0800308c   Data          16  system_stm32f1xx.o(.constdata)
    APBPrescTable                            0x0800309c   Data           8  system_stm32f1xx.o(.constdata)
    Region$$Table$$Base                      0x080030c0   Number         0  anon$$obj.o(Region$$Table)
    Region$$Table$$Limit                     0x080030e0   Number         0  anon$$obj.o(Region$$Table)
    temp                                     0x20000000   Data           1  main.o(.data)
    humi                                     0x20000001   Data           1  main.o(.data)
    temp2                                    0x20000004   Data           4  main.o(.data)
    humi2                                    0x20000008   Data           4  main.o(.data)
    Task_sensorHandle                        0x2000000c   Data           4  main.o(.data)
    Task_sensorHandle1                       0x20000010   Data           4  main.o(.data)
    value_adc                                0x20000014   Data           8  main.o(.data)
    uwTickFreq                               0x2000001c   Data           1  stm32f1xx_hal.o(.data)
    uwTickPrio                               0x20000020   Data           4  stm32f1xx_hal.o(.data)
    uwTick                                   0x20000024   Data           4  stm32f1xx_hal.o(.data)
    SystemCoreClock                          0x20000028   Data           4  system_stm32f1xx.o(.data)
    pxCurrentTCB                             0x2000002c   Data           4  tasks.o(.data)
    DHT1                                     0x2000008c   Data          24  main.o(.bss)
    DHT2                                     0x200000a4   Data          24  main.o(.bss)
    buffer                                   0x200000bc   Data         100  main.o(.bss)
    hadc1                                    0x20000120   Data          48  main.o(.bss)
    hadc2                                    0x20000150   Data          48  main.o(.bss)
    htim4                                    0x20000180   Data          72  main.o(.bss)
    huart2                                   0x200001c8   Data          68  main.o(.bss)
    hdma_adc1                                0x2000020c   Data          68  main.o(.bss)
    __libspace_start                         0x20001194   Data          96  libspace.o(.bss)
    __temporary_stack_top$libspace           0x200011f4   Data           0  libspace.o(.bss)



==============================================================================

Memory Map of the image

  Image Entry point : 0x080000ed

  Load Region LR_IROM1 (Base: 0x08000000, Size: 0x0000316c, Max: 0x00010000, ABSOLUTE)

    Execution Region ER_IROM1 (Exec base: 0x08000000, Load base: 0x08000000, Size: 0x000030e0, Max: 0x00010000, ABSOLUTE)

    Exec Addr    Load Addr    Size         Type   Attr      Idx    E Section Name        Object

    0x08000000   0x08000000   0x000000ec   Data   RO            3    RESET               startup_stm32f103xb.o
    0x080000ec   0x080000ec   0x00000008   Code   RO         4503  * !!!main             c_w.l(__main.o)
    0x080000f4   0x080000f4   0x00000034   Code   RO         4688    !!!scatter          c_w.l(__scatter.o)
    0x08000128   0x08000128   0x0000001a   Code   RO         4690    !!handler_copy      c_w.l(__scatter_copy.o)
    0x08000142   0x08000142   0x00000002   PAD
    0x08000144   0x08000144   0x0000001c   Code   RO         4692    !!handler_zi        c_w.l(__scatter_zi.o)
    0x08000160   0x08000160   0x00000000   Code   RO         4490    .ARM.Collect$$_printf_percent$$00000000  c_w.l(_printf_percent.o)
    0x08000160   0x08000160   0x00000006   Code   RO         4489    .ARM.Collect$$_printf_percent$$00000009  c_w.l(_printf_d.o)
    0x08000166   0x08000166   0x00000004   Code   RO         4526    .ARM.Collect$$_printf_percent$$00000017  c_w.l(_printf_percent_end.o)
    0x0800016a   0x0800016a   0x00000002   Code   RO         4558    .ARM.Collect$$libinit$$00000000  c_w.l(libinit.o)
    0x0800016c   0x0800016c   0x00000000   Code   RO         4565    .ARM.Collect$$libinit$$00000002  c_w.l(libinit2.o)
    0x0800016c   0x0800016c   0x00000000   Code   RO         4567    .ARM.Collect$$libinit$$00000004  c_w.l(libinit2.o)
    0x0800016c   0x0800016c   0x00000000   Code   RO         4570    .ARM.Collect$$libinit$$0000000A  c_w.l(libinit2.o)
    0x0800016c   0x0800016c   0x00000000   Code   RO         4572    .ARM.Collect$$libinit$$0000000C  c_w.l(libinit2.o)
    0x0800016c   0x0800016c   0x00000000   Code   RO         4574    .ARM.Collect$$libinit$$0000000E  c_w.l(libinit2.o)
    0x0800016c   0x0800016c   0x00000000   Code   RO         4577    .ARM.Collect$$libinit$$00000011  c_w.l(libinit2.o)
    0x0800016c   0x0800016c   0x00000000   Code   RO         4579    .ARM.Collect$$libinit$$00000013  c_w.l(libinit2.o)
    0x0800016c   0x0800016c   0x00000000   Code   RO         4581    .ARM.Collect$$libinit$$00000015  c_w.l(libinit2.o)
    0x0800016c   0x0800016c   0x00000000   Code   RO         4583    .ARM.Collect$$libinit$$00000017  c_w.l(libinit2.o)
    0x0800016c   0x0800016c   0x00000000   Code   RO         4585    .ARM.Collect$$libinit$$00000019  c_w.l(libinit2.o)
    0x0800016c   0x0800016c   0x00000000   Code   RO         4587    .ARM.Collect$$libinit$$0000001B  c_w.l(libinit2.o)
    0x0800016c   0x0800016c   0x00000000   Code   RO         4589    .ARM.Collect$$libinit$$0000001D  c_w.l(libinit2.o)
    0x0800016c   0x0800016c   0x00000000   Code   RO         4591    .ARM.Collect$$libinit$$0000001F  c_w.l(libinit2.o)
    0x0800016c   0x0800016c   0x00000000   Code   RO         4593    .ARM.Collect$$libinit$$00000021  c_w.l(libinit2.o)
    0x0800016c   0x0800016c   0x00000000   Code   RO         4595    .ARM.Collect$$libinit$$00000023  c_w.l(libinit2.o)
    0x0800016c   0x0800016c   0x00000000   Code   RO         4597    .ARM.Collect$$libinit$$00000025  c_w.l(libinit2.o)
    0x0800016c   0x0800016c   0x00000000   Code   RO         4601    .ARM.Collect$$libinit$$0000002C  c_w.l(libinit2.o)
    0x0800016c   0x0800016c   0x00000000   Code   RO         4603    .ARM.Collect$$libinit$$0000002E  c_w.l(libinit2.o)
    0x0800016c   0x0800016c   0x00000000   Code   RO         4605    .ARM.Collect$$libinit$$00000030  c_w.l(libinit2.o)
    0x0800016c   0x0800016c   0x00000000   Code   RO         4607    .ARM.Collect$$libinit$$00000032  c_w.l(libinit2.o)
    0x0800016c   0x0800016c   0x00000002   Code   RO         4608    .ARM.Collect$$libinit$$00000033  c_w.l(libinit2.o)
    0x0800016e   0x0800016e   0x00000002   Code   RO         4628    .ARM.Collect$$libshutdown$$00000000  c_w.l(libshutdown.o)
    0x08000170   0x08000170   0x00000000   Code   RO         4641    .ARM.Collect$$libshutdown$$00000002  c_w.l(libshutdown2.o)
    0x08000170   0x08000170   0x00000000   Code   RO         4643    .ARM.Collect$$libshutdown$$00000004  c_w.l(libshutdown2.o)
    0x08000170   0x08000170   0x00000000   Code   RO         4646    .ARM.Collect$$libshutdown$$00000007  c_w.l(libshutdown2.o)
    0x08000170   0x08000170   0x00000000   Code   RO         4649    .ARM.Collect$$libshutdown$$0000000A  c_w.l(libshutdown2.o)
    0x08000170   0x08000170   0x00000000   Code   RO         4651    .ARM.Collect$$libshutdown$$0000000C  c_w.l(libshutdown2.o)
    0x08000170   0x08000170   0x00000000   Code   RO         4654    .ARM.Collect$$libshutdown$$0000000F  c_w.l(libshutdown2.o)
    0x08000170   0x08000170   0x00000002   Code   RO         4655    .ARM.Collect$$libshutdown$$00000010  c_w.l(libshutdown2.o)
    0x08000172   0x08000172   0x00000000   Code   RO         4519    .ARM.Collect$$rtentry$$00000000  c_w.l(__rtentry.o)
    0x08000172   0x08000172   0x00000000   Code   RO         4533    .ARM.Collect$$rtentry$$00000002  c_w.l(__rtentry2.o)
    0x08000172   0x08000172   0x00000006   Code   RO         4545    .ARM.Collect$$rtentry$$00000004  c_w.l(__rtentry4.o)
    0x08000178   0x08000178   0x00000000   Code   RO         4535    .ARM.Collect$$rtentry$$00000009  c_w.l(__rtentry2.o)
    0x08000178   0x08000178   0x00000004   Code   RO         4536    .ARM.Collect$$rtentry$$0000000A  c_w.l(__rtentry2.o)
    0x0800017c   0x0800017c   0x00000000   Code   RO         4538    .ARM.Collect$$rtentry$$0000000C  c_w.l(__rtentry2.o)
    0x0800017c   0x0800017c   0x00000008   Code   RO         4539    .ARM.Collect$$rtentry$$0000000D  c_w.l(__rtentry2.o)
    0x08000184   0x08000184   0x00000002   Code   RO         4562    .ARM.Collect$$rtexit$$00000000  c_w.l(rtexit.o)
    0x08000186   0x08000186   0x00000000   Code   RO         4610    .ARM.Collect$$rtexit$$00000002  c_w.l(rtexit2.o)
    0x08000186   0x08000186   0x00000004   Code   RO         4611    .ARM.Collect$$rtexit$$00000003  c_w.l(rtexit2.o)
    0x0800018a   0x0800018a   0x00000006   Code   RO         4612    .ARM.Collect$$rtexit$$00000004  c_w.l(rtexit2.o)
    0x08000190   0x08000190   0x00000096   Code   RO         4380    .emb_text           port.o
    0x08000226   0x08000226   0x00000002   PAD
    0x08000228   0x08000228   0x00000040   Code   RO            4    .text               startup_stm32f103xb.o
    0x08000268   0x08000268   0x00000028   Code   RO         4463    .text               c_w.l(noretval__2sprintf.o)
    0x08000290   0x08000290   0x00000068   Code   RO         4465    .text               c_w.l(__printf.o)
    0x080002f8   0x080002f8   0x00000078   Code   RO         4467    .text               c_w.l(_printf_dec.o)
    0x08000370   0x08000370   0x0000003e   Code   RO         4491    .text               c_w.l(strlen.o)
    0x080003ae   0x080003ae   0x00000064   Code   RO         4495    .text               c_w.l(rt_memcpy_w.o)
    0x08000412   0x08000412   0x0000004e   Code   RO         4499    .text               c_w.l(rt_memclr_w.o)
    0x08000460   0x08000460   0x00000006   Code   RO         4501    .text               c_w.l(heapauxi.o)
    0x08000466   0x08000466   0x000000b2   Code   RO         4520    .text               c_w.l(_printf_intcommon.o)
    0x08000518   0x08000518   0x00000030   Code   RO         4522    .text               c_w.l(_printf_char_common.o)
    0x08000548   0x08000548   0x0000000a   Code   RO         4524    .text               c_w.l(_sputc.o)
    0x08000552   0x08000552   0x0000004a   Code   RO         4549    .text               c_w.l(sys_stackheap_outer.o)
    0x0800059c   0x0800059c   0x00000012   Code   RO         4551    .text               c_w.l(exit.o)
    0x080005ae   0x080005ae   0x00000002   PAD
    0x080005b0   0x080005b0   0x00000008   Code   RO         4559    .text               c_w.l(libspace.o)
    0x080005b8   0x080005b8   0x0000000c   Code   RO         4620    .text               c_w.l(sys_exit.o)
    0x080005c4   0x080005c4   0x00000002   Code   RO         4631    .text               c_w.l(use_no_semi.o)
    0x080005c6   0x080005c6   0x00000000   Code   RO         4633    .text               c_w.l(indicate_semi.o)
    0x080005c6   0x080005c6   0x00000002   PAD
    0x080005c8   0x080005c8   0x0000001c   Code   RO          401    i.ADC1_2_IRQHandler  stm32f1xx_it.o
    0x080005e4   0x080005e4   0x00000056   Code   RO          574    i.ADC_ConversionStop_Disable  stm32f1xx_hal_adc.o
    0x0800063a   0x0800063a   0x0000004e   Code   RO          575    i.ADC_DMAConvCplt   stm32f1xx_hal_adc.o
    0x08000688   0x08000688   0x0000001a   Code   RO          576    i.ADC_DMAError      stm32f1xx_hal_adc.o
    0x080006a2   0x080006a2   0x0000000a   Code   RO          577    i.ADC_DMAHalfConvCplt  stm32f1xx_hal_adc.o
    0x080006ac   0x080006ac   0x0000007c   Code   RO          578    i.ADC_Enable        stm32f1xx_hal_adc.o
    0x08000728   0x08000728   0x00000002   Code   RO          402    i.BusFault_Handler  stm32f1xx_it.o
    0x0800072a   0x0800072a   0x00000004   Code   RO          202    i.DELAY_TIM_Init    delay_timer.o
    0x0800072e   0x0800072e   0x00000010   Code   RO          204    i.DELAY_TIM_Us      delay_timer.o
    0x0800073e   0x0800073e   0x00000006   Code   RO           13    i.DHT_DelayUs       dht.o
    0x08000744   0x08000744   0x00000006   Code   RO           14    i.DHT_DelayUs1      dht.o
    0x0800074a   0x0800074a   0x00000028   Code   RO           15    i.DHT_Init          dht.o
    0x08000772   0x08000772   0x00000028   Code   RO           16    i.DHT_Init1         dht.o
    0x0800079a   0x0800079a   0x00000058   Code   RO           17    i.DHT_Read          dht.o
    0x080007f2   0x080007f2   0x00000058   Code   RO           18    i.DHT_Read1         dht.o
    0x0800084a   0x0800084a   0x00000008   Code   RO           19    i.DHT_ReadPin       dht.o
    0x08000852   0x08000852   0x00000008   Code   RO           20    i.DHT_ReadPin1      dht.o
    0x0800085a   0x0800085a   0x0000004c   Code   RO           21    i.DHT_ReadTempHum   dht.o
    0x080008a6   0x080008a6   0x0000004c   Code   RO           22    i.DHT_ReadTempHum1  dht.o
    0x080008f2   0x080008f2   0x0000001a   Code   RO           23    i.DHT_SetPinIn      dht.o
    0x0800090c   0x0800090c   0x0000001a   Code   RO           24    i.DHT_SetPinIn1     dht.o
    0x08000926   0x08000926   0x0000006e   Code   RO           25    i.DHT_Start         dht.o
    0x08000994   0x08000994   0x0000006e   Code   RO           26    i.DHT_Start1        dht.o
    0x08000a02   0x08000a02   0x00000002   PAD
    0x08000a04   0x08000a04   0x0000000c   Code   RO          403    i.DMA1_Channel1_IRQHandler  stm32f1xx_it.o
    0x08000a10   0x08000a10   0x0000002a   Code   RO         1228    i.DMA_SetConfig     stm32f1xx_hal_dma.o
    0x08000a3a   0x08000a3a   0x00000002   Code   RO          404    i.DebugMon_Handler  stm32f1xx_it.o
    0x08000a3c   0x08000a3c   0x00000004   Code   RO          238    i.Error_Handler     main.o
    0x08000a40   0x08000a40   0x00000002   Code   RO          756    i.HAL_ADCEx_InjectedConvCpltCallback  stm32f1xx_hal_adc_ex.o
    0x08000a42   0x08000a42   0x00000002   PAD
    0x08000a44   0x08000a44   0x000000fc   Code   RO          580    i.HAL_ADC_ConfigChannel  stm32f1xx_hal_adc.o
    0x08000b40   0x08000b40   0x00000002   Code   RO          581    i.HAL_ADC_ConvCpltCallback  stm32f1xx_hal_adc.o
    0x08000b42   0x08000b42   0x00000002   Code   RO          582    i.HAL_ADC_ConvHalfCpltCallback  stm32f1xx_hal_adc.o
    0x08000b44   0x08000b44   0x00000002   Code   RO          584    i.HAL_ADC_ErrorCallback  stm32f1xx_hal_adc.o
    0x08000b46   0x08000b46   0x000000e6   Code   RO          588    i.HAL_ADC_IRQHandler  stm32f1xx_hal_adc.o
    0x08000c2c   0x08000c2c   0x0000011c   Code   RO          589    i.HAL_ADC_Init      stm32f1xx_hal_adc.o
    0x08000d48   0x08000d48   0x00000002   Code   RO          590    i.HAL_ADC_LevelOutOfWindowCallback  stm32f1xx_hal_adc.o
    0x08000d4a   0x08000d4a   0x00000002   PAD
    0x08000d4c   0x08000d4c   0x00000120   Code   RO          478    i.HAL_ADC_MspInit   stm32f1xx_hal_msp.o
    0x08000e6c   0x08000e6c   0x0000010c   Code   RO          596    i.HAL_ADC_Start_DMA  stm32f1xx_hal_adc.o
    0x08000f78   0x08000f78   0x00000154   Code   RO         1234    i.HAL_DMA_IRQHandler  stm32f1xx_hal_dma.o
    0x080010cc   0x080010cc   0x0000005c   Code   RO         1235    i.HAL_DMA_Init      stm32f1xx_hal_dma.o
    0x08001128   0x08001128   0x00000070   Code   RO         1239    i.HAL_DMA_Start_IT  stm32f1xx_hal_dma.o
    0x08001198   0x08001198   0x000001e0   Code   RO         1165    i.HAL_GPIO_Init     stm32f1xx_hal_gpio.o
    0x08001378   0x08001378   0x0000000a   Code   RO         1167    i.HAL_GPIO_ReadPin  stm32f1xx_hal_gpio.o
    0x08001382   0x08001382   0x0000000a   Code   RO         1169    i.HAL_GPIO_WritePin  stm32f1xx_hal_gpio.o
    0x0800138c   0x0800138c   0x0000000c   Code   RO          861    i.HAL_GetTick       stm32f1xx_hal.o
    0x08001398   0x08001398   0x00000010   Code   RO          867    i.HAL_IncTick       stm32f1xx_hal.o
    0x080013a8   0x080013a8   0x00000024   Code   RO          868    i.HAL_Init          stm32f1xx_hal.o
    0x080013cc   0x080013cc   0x00000040   Code   RO          869    i.HAL_InitTick      stm32f1xx_hal.o
    0x0800140c   0x0800140c   0x00000048   Code   RO          479    i.HAL_MspInit       stm32f1xx_hal_msp.o
    0x08001454   0x08001454   0x0000001a   Code   RO         1325    i.HAL_NVIC_EnableIRQ  stm32f1xx_hal_cortex.o
    0x0800146e   0x0800146e   0x00000002   PAD
    0x08001470   0x08001470   0x00000040   Code   RO         1331    i.HAL_NVIC_SetPriority  stm32f1xx_hal_cortex.o
    0x080014b0   0x080014b0   0x00000024   Code   RO         1332    i.HAL_NVIC_SetPriorityGrouping  stm32f1xx_hal_cortex.o
    0x080014d4   0x080014d4   0x000000ec   Code   RO         1128    i.HAL_RCCEx_PeriphCLKConfig  stm32f1xx_hal_rcc_ex.o
    0x080015c0   0x080015c0   0x0000012c   Code   RO         1025    i.HAL_RCC_ClockConfig  stm32f1xx_hal_rcc.o
    0x080016ec   0x080016ec   0x00000020   Code   RO         1032    i.HAL_RCC_GetPCLK1Freq  stm32f1xx_hal_rcc.o
    0x0800170c   0x0800170c   0x00000020   Code   RO         1033    i.HAL_RCC_GetPCLK2Freq  stm32f1xx_hal_rcc.o
    0x0800172c   0x0800172c   0x0000006c   Code   RO         1034    i.HAL_RCC_GetSysClockFreq  stm32f1xx_hal_rcc.o
    0x08001798   0x08001798   0x00000320   Code   RO         1037    i.HAL_RCC_OscConfig  stm32f1xx_hal_rcc.o
    0x08001ab8   0x08001ab8   0x00000028   Code   RO         1336    i.HAL_SYSTICK_Config  stm32f1xx_hal_cortex.o
    0x08001ae0   0x08001ae0   0x00000068   Code   RO         2550    i.HAL_TIMEx_MasterConfigSynchronization  stm32f1xx_hal_tim_ex.o
    0x08001b48   0x08001b48   0x0000005a   Code   RO         1827    i.HAL_TIM_Base_Init  stm32f1xx_hal_tim.o
    0x08001ba2   0x08001ba2   0x00000002   PAD
    0x08001ba4   0x08001ba4   0x00000028   Code   RO          481    i.HAL_TIM_Base_MspInit  stm32f1xx_hal_msp.o
    0x08001bcc   0x08001bcc   0x00000050   Code   RO         1830    i.HAL_TIM_Base_Start  stm32f1xx_hal_tim.o
    0x08001c1c   0x08001c1c   0x000000d6   Code   RO         1836    i.HAL_TIM_ConfigClockSource  stm32f1xx_hal_tim.o
    0x08001cf2   0x08001cf2   0x00000062   Code   RO         2827    i.HAL_UART_Init     stm32f1xx_hal_uart.o
    0x08001d54   0x08001d54   0x00000070   Code   RO          483    i.HAL_UART_MspInit  stm32f1xx_hal_msp.o
    0x08001dc4   0x08001dc4   0x000000b2   Code   RO         2835    i.HAL_UART_Transmit  stm32f1xx_hal_uart.o
    0x08001e76   0x08001e76   0x00000002   Code   RO          405    i.HardFault_Handler  stm32f1xx_it.o
    0x08001e78   0x08001e78   0x0000008c   Code   RO          239    i.MX_ADC1_Init      main.o
    0x08001f04   0x08001f04   0x00000064   Code   RO          240    i.MX_ADC2_Init      main.o
    0x08001f68   0x08001f68   0x00000070   Code   RO          241    i.MX_GPIO_Init      main.o
    0x08001fd8   0x08001fd8   0x00000068   Code   RO          242    i.MX_TIM4_Init      main.o
    0x08002040   0x08002040   0x00000002   Code   RO          406    i.MemManage_Handler  stm32f1xx_it.o
    0x08002042   0x08002042   0x00000002   Code   RO          407    i.NMI_Handler       stm32f1xx_it.o
    0x08002044   0x08002044   0x000000a4   Code   RO          243    i.StartTask_Sensor  main.o
    0x080020e8   0x080020e8   0x0000002c   Code   RO          244    i.StartTask_Sensor1  main.o
    0x08002114   0x08002114   0x00000018   Code   RO          408    i.SysTick_Handler   stm32f1xx_it.o
    0x0800212c   0x0800212c   0x00000078   Code   RO          245    i.SystemClock_Config  main.o
    0x080021a4   0x080021a4   0x00000002   Code   RO         3156    i.SystemInit        system_stm32f1xx.o
    0x080021a6   0x080021a6   0x00000002   PAD
    0x080021a8   0x080021a8   0x0000006c   Code   RO         1920    i.TIM_Base_SetConfig  stm32f1xx_hal_tim.o
    0x08002214   0x08002214   0x00000014   Code   RO         1931    i.TIM_ETR_SetConfig  stm32f1xx_hal_tim.o
    0x08002228   0x08002228   0x00000010   Code   RO         1932    i.TIM_ITRx_SetConfig  stm32f1xx_hal_tim.o
    0x08002238   0x08002238   0x00000022   Code   RO         1938    i.TIM_TI1_ConfigInputStage  stm32f1xx_hal_tim.o
    0x0800225a   0x0800225a   0x00000024   Code   RO         1940    i.TIM_TI2_ConfigInputStage  stm32f1xx_hal_tim.o
    0x0800227e   0x0800227e   0x00000002   PAD
    0x08002280   0x08002280   0x000000b8   Code   RO         2853    i.UART_SetConfig    stm32f1xx_hal_uart.o
    0x08002338   0x08002338   0x00000064   Code   RO         2856    i.UART_WaitOnFlagUntilTimeout  stm32f1xx_hal_uart.o
    0x0800239c   0x0800239c   0x00000002   Code   RO          409    i.UsageFault_Handler  stm32f1xx_it.o
    0x0800239e   0x0800239e   0x00000020   Code   RO         1338    i.__NVIC_SetPriority  stm32f1xx_hal_cortex.o
    0x080023be   0x080023be   0x00000002   PAD
    0x080023c0   0x080023c0   0x000000d8   Code   RO          246    i.main              main.o
    0x08002498   0x08002498   0x0000000c   Code   RO         3952    i.makeFreeRtosPriority  cmsis_os.o
    0x080024a4   0x080024a4   0x0000000e   Code   RO         3954    i.osDelay           cmsis_os.o
    0x080024b2   0x080024b2   0x0000000a   Code   RO         3957    i.osKernelStart     cmsis_os.o
    0x080024bc   0x080024bc   0x00000054   Code   RO         3991    i.osThreadCreate    cmsis_os.o
    0x08002510   0x08002510   0x00000070   Code   RO         3649    i.prvAddCurrentTaskToDelayedList  tasks.o
    0x08002580   0x08002580   0x000000d0   Code   RO         3650    i.prvAddNewTaskToReadyList  tasks.o
    0x08002650   0x08002650   0x00000034   Code   RO         3651    i.prvDeleteTCB      tasks.o
    0x08002684   0x08002684   0x0000004c   Code   RO         4319    i.prvHeapInit       heap_4.o
    0x080026d0   0x080026d0   0x00000060   Code   RO         3652    i.prvIdleTask       tasks.o
    0x08002730   0x08002730   0x0000008e   Code   RO         3653    i.prvInitialiseNewTask  tasks.o
    0x080027be   0x080027be   0x00000002   PAD
    0x080027c0   0x080027c0   0x0000004c   Code   RO         4320    i.prvInsertBlockIntoFreeList  heap_4.o
    0x0800280c   0x0800280c   0x00000020   Code   RO         3654    i.prvResetNextTaskUnblockTime  tasks.o
    0x0800282c   0x0800282c   0x00000028   Code   RO         4381    i.prvTaskExitError  port.o
    0x08002854   0x08002854   0x000000d8   Code   RO         4321    i.pvPortMalloc      heap_4.o
    0x0800292c   0x0800292c   0x00000024   Code   RO         4382    i.pxPortInitialiseStack  port.o
    0x08002950   0x08002950   0x00000026   Code   RO         3294    i.uxListRemove      list.o
    0x08002976   0x08002976   0x00000002   PAD
    0x08002978   0x08002978   0x00000014   Code   RO          367    i.vApplicationGetIdleTaskMemory  freertos.o
    0x0800298c   0x0800298c   0x00000016   Code   RO         3295    i.vListInitialise   list.o
    0x080029a2   0x080029a2   0x00000006   Code   RO         3296    i.vListInitialiseItem  list.o
    0x080029a8   0x080029a8   0x00000030   Code   RO         3297    i.vListInsert       list.o
    0x080029d8   0x080029d8   0x00000018   Code   RO         3298    i.vListInsertEnd    list.o
    0x080029f0   0x080029f0   0x00000040   Code   RO         4384    i.vPortEnterCritical  port.o
    0x08002a30   0x08002a30   0x00000028   Code   RO         4385    i.vPortExitCritical  port.o
    0x08002a58   0x08002a58   0x0000005c   Code   RO         4322    i.vPortFree         heap_4.o
    0x08002ab4   0x08002ab4   0x00000024   Code   RO         4386    i.vPortSetupTimerInterrupt  port.o
    0x08002ad8   0x08002ad8   0x0000004c   Code   RO         3662    i.vTaskDelay        tasks.o
    0x08002b24   0x08002b24   0x0000006c   Code   RO         3675    i.vTaskStartScheduler  tasks.o
    0x08002b90   0x08002b90   0x00000010   Code   RO         3677    i.vTaskSuspendAll   tasks.o
    0x08002ba0   0x08002ba0   0x0000005c   Code   RO         3678    i.vTaskSwitchContext  tasks.o
    0x08002bfc   0x08002bfc   0x000000a8   Code   RO         4388    i.xPortStartScheduler  port.o
    0x08002ca4   0x08002ca4   0x0000002c   Code   RO         4389    i.xPortSysTickHandler  port.o
    0x08002cd0   0x08002cd0   0x0000005a   Code   RO         3680    i.xTaskCreate       tasks.o
    0x08002d2a   0x08002d2a   0x00000056   Code   RO         3681    i.xTaskCreateStatic  tasks.o
    0x08002d80   0x08002d80   0x0000001c   Code   RO         3685    i.xTaskGetSchedulerState  tasks.o
    0x08002d9c   0x08002d9c   0x000000c8   Code   RO         3688    i.xTaskIncrementTick  tasks.o
    0x08002e64   0x08002e64   0x000000c4   Code   RO         3694    i.xTaskResumeAll    tasks.o
    0x08002f28   0x08002f28   0x00000036   Code   RO         4505    x$fpl$ffix          fz_ws.l(ffix.o)
    0x08002f5e   0x08002f5e   0x00000002   PAD
    0x08002f60   0x08002f60   0x0000003e   Code   RO         4509    x$fpl$ffixu         fz_ws.l(ffixu.o)
    0x08002f9e   0x08002f9e   0x00000002   PAD
    0x08002fa0   0x08002fa0   0x00000026   Code   RO         4513    x$fpl$ffltu         fz_ws.l(fflt_clz.o)
    0x08002fc6   0x08002fc6   0x0000008c   Code   RO         4529    x$fpl$fnaninf       fz_ws.l(fnaninf.o)
    0x08003052   0x08003052   0x00000000   Code   RO         4531    x$fpl$usenofp       fz_ws.l(usenofp.o)
    0x08003052   0x08003052   0x00000002   PAD
    0x08003054   0x08003054   0x00000038   Data   RO          250    .constdata          main.o
    0x0800308c   0x0800308c   0x00000010   Data   RO         3157    .constdata          system_stm32f1xx.o
    0x0800309c   0x0800309c   0x00000008   Data   RO         3158    .constdata          system_stm32f1xx.o
    0x080030a4   0x080030a4   0x0000001c   Data   RO          251    .conststring        main.o
    0x080030c0   0x080030c0   0x00000020   Data   RO         4686    Region$$Table       anon$$obj.o


    Execution Region RW_IRAM1 (Exec base: 0x20000000, Load base: 0x080030e0, Size: 0x000017f8, Max: 0x00005000, ABSOLUTE)

    Exec Addr    Load Addr    Size         Type   Attr      Idx    E Section Name        Object

    0x20000000   0x080030e0   0x0000001c   Data   RW          253    .data               main.o
    0x2000001c   0x080030fc   0x0000000c   Data   RW          875    .data               stm32f1xx_hal.o
    0x20000028   0x08003108   0x00000004   Data   RW         3159    .data               system_stm32f1xx.o
    0x2000002c   0x0800310c   0x0000003c   Data   RW         3697    .data               tasks.o
    0x20000068   0x08003148   0x00000018   Data   RW         4327    .data               heap_4.o
    0x20000080   0x08003160   0x0000000c   Data   RW         4390    .data               port.o
    0x2000008c        -       0x00000180   Zero   RW          247    .bss                main.o
    0x2000020c        -       0x00000044   Zero   RW          249    .bss                main.o
    0x20000250        -       0x00000254   Zero   RW          368    .bss                freertos.o
    0x200004a4        -       0x000000f0   Zero   RW         3696    .bss                tasks.o
    0x20000594        -       0x00000c00   Zero   RW         4326    .bss                heap_4.o
    0x20001194        -       0x00000060   Zero   RW         4560    .bss                c_w.l(libspace.o)
    0x200011f4   0x0800316c   0x00000004   PAD
    0x200011f8        -       0x00000200   Zero   RW            2    HEAP                startup_stm32f103xb.o
    0x200013f8        -       0x00000400   Zero   RW            1    STACK               startup_stm32f103xb.o


==============================================================================

Image component sizes


      Code (inc. data)   RO Data    RW Data    ZI Data      Debug   Object Name

       120          0          0          0          0      22141   cmsis_os.o
        20          0          0          0          0       1184   delay_timer.o
       708          0          0          0          0     455440   dht.o
         0          0          0          0          0      18092   event_groups.o
        20          4          0          0        596       1160   freertos.o
       460         24          0         24       3072       7059   heap_4.o
       138          0          0          0          0       3246   list.o
      1004        100         84         28        452      36948   main.o
       578         60          0         12          0      10068   port.o
        64         26        236          0       1536        784   startup_stm32f103xb.o
       128         24          0         12          0       5117   stm32f1xx_hal.o
      1366         56          0          0          0       9466   stm32f1xx_hal_adc.o
         2          0          0          0          0       1005   stm32f1xx_hal_adc_ex.o
       198         14          0          0          0      28791   stm32f1xx_hal_cortex.o
       586         32          0          0          0       3467   stm32f1xx_hal_dma.o
       500         34          0          0          0       3415   stm32f1xx_hal_gpio.o
       512         62          0          0          0       3014   stm32f1xx_hal_msp.o
      1272        100          0          0          0       5044   stm32f1xx_hal_rcc.o
       236         12          0          0          0       1332   stm32f1xx_hal_rcc_ex.o
       598         28          0          0          0       6404   stm32f1xx_hal_tim.o
       104         12          0          0          0       1276   stm32f1xx_hal_tim_ex.o
       560          6          0          0          0       3816   stm32f1xx_hal_uart.o
        76         16          0          0          0       3794   stm32f1xx_it.o
         0          0          0          0          0        392   stream_buffer.o
         2          0         24          4          0       1043   system_stm32f1xx.o
      1534        116          0         60        240      16303   tasks.o

    ----------------------------------------------------------------------
     10808        726        376        140       5896     649801   Object Totals
         0          0         32          0          0          0   (incl. Generated)
        22          0          0          0          0          0   (incl. Padding)

    ----------------------------------------------------------------------

      Code (inc. data)   RO Data    RW Data    ZI Data      Debug   Library Member Name

         8          0          0          0          0         68   __main.o
       104          0          0          0          0         84   __printf.o
         0          0          0          0          0          0   __rtentry.o
        12          0          0          0          0          0   __rtentry2.o
         6          0          0          0          0          0   __rtentry4.o
        52          8          0          0          0          0   __scatter.o
        26          0          0          0          0          0   __scatter_copy.o
        28          0          0          0          0          0   __scatter_zi.o
        48          6          0          0          0         96   _printf_char_common.o
         6          0          0          0          0          0   _printf_d.o
       120         16          0          0          0         92   _printf_dec.o
       178          0          0          0          0         88   _printf_intcommon.o
         0          0          0          0          0          0   _printf_percent.o
         4          0          0          0          0          0   _printf_percent_end.o
        10          0          0          0          0         68   _sputc.o
        18          0          0          0          0         80   exit.o
         6          0          0          0          0        152   heapauxi.o
         0          0          0          0          0          0   indicate_semi.o
         2          0          0          0          0          0   libinit.o
         2          0          0          0          0          0   libinit2.o
         2          0          0          0          0          0   libshutdown.o
         2          0          0          0          0          0   libshutdown2.o
         8          4          0          0         96         68   libspace.o
        40          6          0          0          0         84   noretval__2sprintf.o
        78          0          0          0          0         80   rt_memclr_w.o
       100          0          0          0          0         80   rt_memcpy_w.o
         2          0          0          0          0          0   rtexit.o
        10          0          0          0          0          0   rtexit2.o
        62          0          0          0          0         76   strlen.o
        12          4          0          0          0         68   sys_exit.o
        74          0          0          0          0         80   sys_stackheap_outer.o
         2          0          0          0          0         68   use_no_semi.o
        54          4          0          0          0         84   ffix.o
        62          4          0          0          0         84   ffixu.o
        38          0          0          0          0         68   fflt_clz.o
       140          4          0          0          0         84   fnaninf.o
         0          0          0          0          0          0   usenofp.o

    ----------------------------------------------------------------------
      1328         56          0          0        100       1652   Library Totals
        12          0          0          0          4          0   (incl. Padding)

    ----------------------------------------------------------------------

      Code (inc. data)   RO Data    RW Data    ZI Data      Debug   Library Name

      1022         44          0          0         96       1332   c_w.l
       294         12          0          0          0        320   fz_ws.l

    ----------------------------------------------------------------------
      1328         56          0          0        100       1652   Library Totals

    ----------------------------------------------------------------------

==============================================================================


      Code (inc. data)   RO Data    RW Data    ZI Data      Debug   

     12136        782        376        140       5996     644377   Grand Totals
     12136        782        376        140       5996     644377   ELF Image Totals
     12136        782        376        140          0          0   ROM Totals

==============================================================================

    Total RO  Size (Code + RO Data)                12512 (  12.22kB)
    Total RW  Size (RW Data + ZI Data)              6136 (   5.99kB)
    Total ROM Size (Code + RO Data + RW Data)      12652 (  12.36kB)

==============================================================================

